[2022-05-15T22:32:19.099+0100][gc,heap] Heap region size: 1M
[2022-05-15T22:32:19.109+0100][gc     ] Using G1
[2022-05-15T22:32:19.109+0100][gc,heap,coops] Heap address: 0x00000000c0000000, size: 1024 MB, Compressed Oops mode: 32-bit
[2022-05-15T22:32:19.109+0100][gc,cds       ] Mark closed archive regions in map: [0x00000000fff00000, 0x00000000fff6aff8]
[2022-05-15T22:32:19.109+0100][gc,cds       ] Mark open archive regions in map: [0x00000000ffe00000, 0x00000000ffe46ff8]
[2022-05-15T22:32:19.569+0100][gc,heap,exit ] Heap
[2022-05-15T22:32:19.569+0100][gc,heap,exit ]  garbage-first heap   total 1048576K, used 31432K [0x00000000c0000000, 0x0000000100000000)
[2022-05-15T22:32:19.569+0100][gc,heap,exit ]   region size 1024K, 31 young (31744K), 0 survivors (0K)
[2022-05-15T22:32:19.569+0100][gc,heap,exit ]  Metaspace       used 9738K, capacity 10111K, committed 10368K, reserved 1058816K
[2022-05-15T22:32:19.569+0100][gc,heap,exit ]   class space    used 1228K, capacity 1332K, committed 1408K, reserved 1048576K
