[2022-05-09T16:22:47.517+0100][gc,heap] Heap region size: 1M
[2022-05-09T16:22:47.533+0100][gc     ] Using G1
[2022-05-09T16:22:47.533+0100][gc,heap,coops] Heap address: 0x00000000c0000000, size: 1024 MB, Compressed Oops mode: 32-bit
[2022-05-09T16:22:47.534+0100][gc,cds       ] Mark closed archive regions in map: [0x00000000fff00000, 0x00000000fff6aff8]
[2022-05-09T16:22:47.534+0100][gc,cds       ] Mark open archive regions in map: [0x00000000ffe00000, 0x00000000ffe46ff8]
[2022-05-09T16:22:48.193+0100][gc,start     ] GC(0) Pause Young (Normal) (G1 Evacuation Pause)
[2022-05-09T16:22:48.194+0100][gc,task      ] GC(0) Using 8 workers of 8 for evacuation
[2022-05-09T16:22:48.202+0100][gc,phases    ] GC(0)   Pre Evacuate Collection Set: 0,1ms
[2022-05-09T16:22:48.203+0100][gc,phases    ] GC(0)   Evacuate Collection Set: 7,8ms
[2022-05-09T16:22:48.203+0100][gc,phases    ] GC(0)   Post Evacuate Collection Set: 0,6ms
[2022-05-09T16:22:48.203+0100][gc,phases    ] GC(0)   Other: 1,3ms
[2022-05-09T16:22:48.203+0100][gc,heap      ] GC(0) Eden regions: 51->0(44)
[2022-05-09T16:22:48.203+0100][gc,heap      ] GC(0) Survivor regions: 0->7(7)
[2022-05-09T16:22:48.203+0100][gc,heap      ] GC(0) Old regions: 2->2
[2022-05-09T16:22:48.203+0100][gc,heap      ] GC(0) Humongous regions: 0->0
[2022-05-09T16:22:48.203+0100][gc,metaspace ] GC(0) Metaspace: 14887K->14887K(1062912K)
[2022-05-09T16:22:48.203+0100][gc           ] GC(0) Pause Young (Normal) (G1 Evacuation Pause) 51M->7M(1024M) 9,892ms
[2022-05-09T16:22:48.203+0100][gc,cpu       ] GC(0) User=0,06s Sys=0,00s Real=0,01s
[2022-05-09T16:22:48.531+0100][gc,start     ] GC(1) Pause Young (Concurrent Start) (Metadata GC Threshold)
[2022-05-09T16:22:48.531+0100][gc,task      ] GC(1) Using 8 workers of 8 for evacuation
[2022-05-09T16:22:48.539+0100][gc,phases    ] GC(1)   Pre Evacuate Collection Set: 0,0ms
[2022-05-09T16:22:48.539+0100][gc,phases    ] GC(1)   Evacuate Collection Set: 7,3ms
[2022-05-09T16:22:48.539+0100][gc,phases    ] GC(1)   Post Evacuate Collection Set: 0,3ms
[2022-05-09T16:22:48.539+0100][gc,phases    ] GC(1)   Other: 0,2ms
[2022-05-09T16:22:48.539+0100][gc,heap      ] GC(1) Eden regions: 24->0(49)
[2022-05-09T16:22:48.539+0100][gc,heap      ] GC(1) Survivor regions: 7->2(7)
[2022-05-09T16:22:48.539+0100][gc,heap      ] GC(1) Old regions: 2->9
[2022-05-09T16:22:48.539+0100][gc,heap      ] GC(1) Humongous regions: 0->0
[2022-05-09T16:22:48.539+0100][gc,metaspace ] GC(1) Metaspace: 20565K->20565K(1067008K)
[2022-05-09T16:22:48.539+0100][gc           ] GC(1) Pause Young (Concurrent Start) (Metadata GC Threshold) 30M->8M(1024M) 7,890ms
[2022-05-09T16:22:48.539+0100][gc,cpu       ] GC(1) User=0,03s Sys=0,00s Real=0,00s
[2022-05-09T16:22:48.539+0100][gc           ] GC(2) Concurrent Cycle
[2022-05-09T16:22:48.539+0100][gc,marking   ] GC(2) Concurrent Clear Claimed Marks
[2022-05-09T16:22:48.539+0100][gc,marking   ] GC(2) Concurrent Clear Claimed Marks 0,041ms
[2022-05-09T16:22:48.539+0100][gc,marking   ] GC(2) Concurrent Scan Root Regions
[2022-05-09T16:22:48.540+0100][gc,marking   ] GC(2) Concurrent Scan Root Regions 0,826ms
[2022-05-09T16:22:48.540+0100][gc,marking   ] GC(2) Concurrent Mark (1,053s)
[2022-05-09T16:22:48.540+0100][gc,marking   ] GC(2) Concurrent Mark From Roots
[2022-05-09T16:22:48.540+0100][gc,task      ] GC(2) Using 2 workers of 2 for marking
[2022-05-09T16:22:48.545+0100][gc,marking   ] GC(2) Concurrent Mark From Roots 4,872ms
[2022-05-09T16:22:48.545+0100][gc,marking   ] GC(2) Concurrent Preclean
[2022-05-09T16:22:48.545+0100][gc,marking   ] GC(2) Concurrent Preclean 0,122ms
[2022-05-09T16:22:48.545+0100][gc,marking   ] GC(2) Concurrent Mark (1,053s, 1,058s) 5,070ms
[2022-05-09T16:22:48.545+0100][gc,start     ] GC(2) Pause Remark
[2022-05-09T16:22:48.547+0100][gc,stringtable] GC(2) Cleaned string and symbol table, strings: 5309 processed, 0 removed, symbols: 51186 processed, 45 removed
[2022-05-09T16:22:48.547+0100][gc            ] GC(2) Pause Remark 8M->8M(1024M) 2,251ms
[2022-05-09T16:22:48.547+0100][gc,cpu        ] GC(2) User=0,02s Sys=0,00s Real=0,00s
[2022-05-09T16:22:48.547+0100][gc,marking    ] GC(2) Concurrent Rebuild Remembered Sets
[2022-05-09T16:22:48.551+0100][gc,marking    ] GC(2) Concurrent Rebuild Remembered Sets 3,184ms
[2022-05-09T16:22:48.551+0100][gc,start      ] GC(2) Pause Cleanup
[2022-05-09T16:22:48.551+0100][gc            ] GC(2) Pause Cleanup 9M->9M(1024M) 0,252ms
[2022-05-09T16:22:48.551+0100][gc,cpu        ] GC(2) User=0,00s Sys=0,00s Real=0,00s
[2022-05-09T16:22:48.551+0100][gc,marking    ] GC(2) Concurrent Cleanup for Next Mark
[2022-05-09T16:22:48.557+0100][gc,marking    ] GC(2) Concurrent Cleanup for Next Mark 6,116ms
[2022-05-09T16:22:48.557+0100][gc            ] GC(2) Concurrent Cycle 18,178ms
[2022-05-09T16:22:49.031+0100][gc,start      ] GC(3) Pause Young (Normal) (GCLocker Initiated GC)
[2022-05-09T16:22:49.031+0100][gc,task       ] GC(3) Using 8 workers of 8 for evacuation
[2022-05-09T16:22:49.036+0100][gc,phases     ] GC(3)   Pre Evacuate Collection Set: 0,0ms
[2022-05-09T16:22:49.036+0100][gc,phases     ] GC(3)   Evacuate Collection Set: 4,1ms
[2022-05-09T16:22:49.036+0100][gc,phases     ] GC(3)   Post Evacuate Collection Set: 0,5ms
[2022-05-09T16:22:49.036+0100][gc,phases     ] GC(3)   Other: 0,2ms
[2022-05-09T16:22:49.036+0100][gc,heap       ] GC(3) Eden regions: 49->0(46)
[2022-05-09T16:22:49.036+0100][gc,heap       ] GC(3) Survivor regions: 2->5(7)
[2022-05-09T16:22:49.036+0100][gc,heap       ] GC(3) Old regions: 9->9
[2022-05-09T16:22:49.036+0100][gc,heap       ] GC(3) Humongous regions: 129->129
[2022-05-09T16:22:49.036+0100][gc,metaspace  ] GC(3) Metaspace: 29022K->29022K(1075200K)
[2022-05-09T16:22:49.036+0100][gc            ] GC(3) Pause Young (Normal) (GCLocker Initiated GC) 186M->140M(1024M) 4,885ms
[2022-05-09T16:22:49.036+0100][gc,cpu        ] GC(3) User=0,03s Sys=0,00s Real=0,00s
[2022-05-09T16:22:49.271+0100][gc,start      ] GC(4) Pause Young (Concurrent Start) (GCLocker Initiated GC)
[2022-05-09T16:22:49.271+0100][gc,task       ] GC(4) Using 8 workers of 8 for evacuation
[2022-05-09T16:22:49.280+0100][gc,phases     ] GC(4)   Pre Evacuate Collection Set: 0,1ms
[2022-05-09T16:22:49.280+0100][gc,phases     ] GC(4)   Evacuate Collection Set: 7,6ms
[2022-05-09T16:22:49.280+0100][gc,phases     ] GC(4)   Post Evacuate Collection Set: 0,8ms
[2022-05-09T16:22:49.280+0100][gc,phases     ] GC(4)   Other: 0,4ms
[2022-05-09T16:22:49.280+0100][gc,heap       ] GC(4) Eden regions: 25->0(49)
[2022-05-09T16:22:49.280+0100][gc,heap       ] GC(4) Survivor regions: 5->2(7)
[2022-05-09T16:22:49.280+0100][gc,heap       ] GC(4) Old regions: 9->13
[2022-05-09T16:22:49.280+0100][gc,heap       ] GC(4) Humongous regions: 129->129
[2022-05-09T16:22:49.280+0100][gc,metaspace  ] GC(4) Metaspace: 34419K->34419K(1081344K)
[2022-05-09T16:22:49.280+0100][gc            ] GC(4) Pause Young (Concurrent Start) (GCLocker Initiated GC) 165M->142M(1024M) 8,917ms
[2022-05-09T16:22:49.280+0100][gc,cpu        ] GC(4) User=0,04s Sys=0,01s Real=0,00s
[2022-05-09T16:22:49.280+0100][gc            ] GC(5) Concurrent Cycle
[2022-05-09T16:22:49.280+0100][gc,marking    ] GC(5) Concurrent Clear Claimed Marks
[2022-05-09T16:22:49.280+0100][gc,marking    ] GC(5) Concurrent Clear Claimed Marks 0,144ms
[2022-05-09T16:22:49.280+0100][gc,marking    ] GC(5) Concurrent Scan Root Regions
[2022-05-09T16:22:49.281+0100][gc,marking    ] GC(5) Concurrent Scan Root Regions 1,402ms
[2022-05-09T16:22:49.282+0100][gc,marking    ] GC(5) Concurrent Mark (1,795s)
[2022-05-09T16:22:49.282+0100][gc,marking    ] GC(5) Concurrent Mark From Roots
[2022-05-09T16:22:49.282+0100][gc,task       ] GC(5) Using 2 workers of 2 for marking
[2022-05-09T16:22:49.298+0100][gc,marking    ] GC(5) Concurrent Mark From Roots 15,992ms
[2022-05-09T16:22:49.298+0100][gc,marking    ] GC(5) Concurrent Preclean
[2022-05-09T16:22:49.298+0100][gc,marking    ] GC(5) Concurrent Preclean 0,144ms
[2022-05-09T16:22:49.298+0100][gc,marking    ] GC(5) Concurrent Mark (1,795s, 1,811s) 16,197ms
[2022-05-09T16:22:49.298+0100][gc,start      ] GC(5) Pause Remark
[2022-05-09T16:22:49.302+0100][gc,stringtable] GC(5) Cleaned string and symbol table, strings: 10997 processed, 9 removed, symbols: 84125 processed, 15 removed
[2022-05-09T16:22:49.302+0100][gc            ] GC(5) Pause Remark 144M->144M(1024M) 4,534ms
[2022-05-09T16:22:49.302+0100][gc,cpu        ] GC(5) User=0,03s Sys=0,00s Real=0,01s
[2022-05-09T16:22:49.303+0100][gc,marking    ] GC(5) Concurrent Rebuild Remembered Sets
[2022-05-09T16:22:49.314+0100][gc,marking    ] GC(5) Concurrent Rebuild Remembered Sets 11,086ms
[2022-05-09T16:22:49.314+0100][gc,start      ] GC(5) Pause Cleanup
[2022-05-09T16:22:49.314+0100][gc            ] GC(5) Pause Cleanup 146M->146M(1024M) 0,219ms
[2022-05-09T16:22:49.314+0100][gc,cpu        ] GC(5) User=0,00s Sys=0,00s Real=0,00s
[2022-05-09T16:22:49.314+0100][gc,marking    ] GC(5) Concurrent Cleanup for Next Mark
[2022-05-09T16:22:49.321+0100][gc,marking    ] GC(5) Concurrent Cleanup for Next Mark 6,743ms
[2022-05-09T16:22:49.321+0100][gc            ] GC(5) Concurrent Cycle 40,979ms
[2022-05-09T16:26:13.213+0100][gc,start      ] GC(6) Pause Young (Concurrent Start) (G1 Evacuation Pause)
[2022-05-09T16:26:13.213+0100][gc,task       ] GC(6) Using 8 workers of 8 for evacuation
[2022-05-09T16:26:13.229+0100][gc,phases     ] GC(6)   Pre Evacuate Collection Set: 0,2ms
[2022-05-09T16:26:13.230+0100][gc,phases     ] GC(6)   Evacuate Collection Set: 15,0ms
[2022-05-09T16:26:13.230+0100][gc,phases     ] GC(6)   Post Evacuate Collection Set: 0,9ms
[2022-05-09T16:26:13.230+0100][gc,phases     ] GC(6)   Other: 0,4ms
[2022-05-09T16:26:13.230+0100][gc,heap       ] GC(6) Eden regions: 49->0(46)
[2022-05-09T16:26:13.230+0100][gc,heap       ] GC(6) Survivor regions: 2->5(7)
[2022-05-09T16:26:13.230+0100][gc,heap       ] GC(6) Old regions: 13->13
[2022-05-09T16:26:13.230+0100][gc,heap       ] GC(6) Humongous regions: 129->129
[2022-05-09T16:26:13.230+0100][gc,metaspace  ] GC(6) Metaspace: 41385K->41385K(1087488K)
[2022-05-09T16:26:13.230+0100][gc            ] GC(6) Pause Young (Concurrent Start) (G1 Evacuation Pause) 191M->144M(1024M) 16,657ms
[2022-05-09T16:26:13.230+0100][gc,cpu        ] GC(6) User=0,06s Sys=0,00s Real=0,02s
[2022-05-09T16:26:13.230+0100][gc            ] GC(7) Concurrent Cycle
[2022-05-09T16:26:13.230+0100][gc,marking    ] GC(7) Concurrent Clear Claimed Marks
[2022-05-09T16:26:13.230+0100][gc,marking    ] GC(7) Concurrent Clear Claimed Marks 0,239ms
[2022-05-09T16:26:13.230+0100][gc,marking    ] GC(7) Concurrent Scan Root Regions
[2022-05-09T16:26:13.233+0100][gc,marking    ] GC(7) Concurrent Scan Root Regions 3,104ms
[2022-05-09T16:26:13.233+0100][gc,marking    ] GC(7) Concurrent Mark (205,747s)
[2022-05-09T16:26:13.233+0100][gc,marking    ] GC(7) Concurrent Mark From Roots
[2022-05-09T16:26:13.233+0100][gc,task       ] GC(7) Using 2 workers of 2 for marking
[2022-05-09T16:26:13.253+0100][gc,marking    ] GC(7) Concurrent Mark From Roots 19,583ms
[2022-05-09T16:26:13.253+0100][gc,marking    ] GC(7) Concurrent Preclean
[2022-05-09T16:26:13.253+0100][gc,marking    ] GC(7) Concurrent Preclean 0,229ms
[2022-05-09T16:26:13.253+0100][gc,marking    ] GC(7) Concurrent Mark (205,747s, 205,766s) 19,879ms
[2022-05-09T16:26:13.253+0100][gc,start      ] GC(7) Pause Remark
[2022-05-09T16:26:13.269+0100][gc,stringtable] GC(7) Cleaned string and symbol table, strings: 12320 processed, 5 removed, symbols: 91121 processed, 4 removed
[2022-05-09T16:26:13.269+0100][gc            ] GC(7) Pause Remark 145M->145M(1024M) 16,026ms
[2022-05-09T16:26:13.269+0100][gc,cpu        ] GC(7) User=0,07s Sys=0,00s Real=0,02s
[2022-05-09T16:26:13.269+0100][gc,marking    ] GC(7) Concurrent Rebuild Remembered Sets
[2022-05-09T16:26:13.281+0100][gc,marking    ] GC(7) Concurrent Rebuild Remembered Sets 12,046ms
[2022-05-09T16:26:13.286+0100][gc,start      ] GC(7) Pause Cleanup
[2022-05-09T16:26:13.286+0100][gc            ] GC(7) Pause Cleanup 146M->146M(1024M) 0,464ms
[2022-05-09T16:26:13.286+0100][gc,cpu        ] GC(7) User=0,00s Sys=0,00s Real=0,00s
[2022-05-09T16:26:13.287+0100][gc,marking    ] GC(7) Concurrent Cleanup for Next Mark
[2022-05-09T16:26:13.289+0100][gc,marking    ] GC(7) Concurrent Cleanup for Next Mark 2,244ms
[2022-05-09T16:26:13.289+0100][gc            ] GC(7) Concurrent Cycle 59,161ms
[2022-05-09T16:45:41.936+0100][gc,start      ] GC(8) Pause Young (Normal) (G1 Evacuation Pause)
[2022-05-09T16:45:41.939+0100][gc,task       ] GC(8) Using 8 workers of 8 for evacuation
[2022-05-09T16:45:41.947+0100][gc,phases     ] GC(8)   Pre Evacuate Collection Set: 0,9ms
[2022-05-09T16:45:41.947+0100][gc,phases     ] GC(8)   Evacuate Collection Set: 6,7ms
[2022-05-09T16:45:41.947+0100][gc,phases     ] GC(8)   Post Evacuate Collection Set: 0,7ms
[2022-05-09T16:45:41.947+0100][gc,phases     ] GC(8)   Other: 3,2ms
[2022-05-09T16:45:41.947+0100][gc,heap       ] GC(8) Eden regions: 46->0(46)
[2022-05-09T16:45:41.947+0100][gc,heap       ] GC(8) Survivor regions: 5->5(7)
[2022-05-09T16:45:41.947+0100][gc,heap       ] GC(8) Old regions: 13->15
[2022-05-09T16:45:41.947+0100][gc,heap       ] GC(8) Humongous regions: 129->129
[2022-05-09T16:45:41.947+0100][gc,metaspace  ] GC(8) Metaspace: 43850K->43850K(1089536K)
[2022-05-09T16:45:41.947+0100][gc            ] GC(8) Pause Young (Normal) (G1 Evacuation Pause) 190M->146M(1024M) 11,430ms
[2022-05-09T16:45:41.947+0100][gc,cpu        ] GC(8) User=0,06s Sys=0,00s Real=0,01s
[2022-05-09T17:00:57.638+0100][gc,start      ] GC(9) Pause Young (Normal) (G1 Evacuation Pause)
[2022-05-09T17:00:57.638+0100][gc,task       ] GC(9) Using 8 workers of 8 for evacuation
[2022-05-09T17:00:57.694+0100][gc,mmu        ] GC(9) MMU target violated: 21,0ms (20,0ms/21,0ms)
[2022-05-09T17:00:57.694+0100][gc,phases     ] GC(9)   Pre Evacuate Collection Set: 0,2ms
[2022-05-09T17:00:57.694+0100][gc,phases     ] GC(9)   Evacuate Collection Set: 45,9ms
[2022-05-09T17:00:57.694+0100][gc,phases     ] GC(9)   Post Evacuate Collection Set: 9,4ms
[2022-05-09T17:00:57.694+0100][gc,phases     ] GC(9)   Other: 0,5ms
[2022-05-09T17:00:57.694+0100][gc,heap       ] GC(9) Eden regions: 46->0(48)
[2022-05-09T17:00:57.694+0100][gc,heap       ] GC(9) Survivor regions: 5->3(7)
[2022-05-09T17:00:57.694+0100][gc,heap       ] GC(9) Old regions: 15->17
[2022-05-09T17:00:57.694+0100][gc,heap       ] GC(9) Humongous regions: 129->129
[2022-05-09T17:00:57.694+0100][gc,metaspace  ] GC(9) Metaspace: 44640K->44640K(1089536K)
[2022-05-09T17:00:57.694+0100][gc            ] GC(9) Pause Young (Normal) (G1 Evacuation Pause) 192M->146M(1024M) 56,000ms
[2022-05-09T17:00:57.694+0100][gc,cpu        ] GC(9) User=0,08s Sys=0,00s Real=0,06s
[2022-05-09T17:01:03.419+0100][gc,start      ] GC(10) Pause Young (Normal) (G1 Evacuation Pause)
[2022-05-09T17:01:03.419+0100][gc,task       ] GC(10) Using 8 workers of 8 for evacuation
[2022-05-09T17:01:03.481+0100][gc,mmu        ] GC(10) MMU target violated: 21,0ms (20,0ms/21,0ms)
[2022-05-09T17:01:03.481+0100][gc,phases     ] GC(10)   Pre Evacuate Collection Set: 0,1ms
[2022-05-09T17:01:03.481+0100][gc,phases     ] GC(10)   Evacuate Collection Set: 45,3ms
[2022-05-09T17:01:03.481+0100][gc,phases     ] GC(10)   Post Evacuate Collection Set: 16,1ms
[2022-05-09T17:01:03.481+0100][gc,phases     ] GC(10)   Other: 0,8ms
[2022-05-09T17:01:03.481+0100][gc,heap       ] GC(10) Eden regions: 48->0(46)
[2022-05-09T17:01:03.481+0100][gc,heap       ] GC(10) Survivor regions: 3->5(7)
[2022-05-09T17:01:03.481+0100][gc,heap       ] GC(10) Old regions: 17->17
[2022-05-09T17:01:03.481+0100][gc,heap       ] GC(10) Humongous regions: 129->129
[2022-05-09T17:01:03.481+0100][gc,metaspace  ] GC(10) Metaspace: 44771K->44771K(1089536K)
[2022-05-09T17:01:03.481+0100][gc            ] GC(10) Pause Young (Normal) (G1 Evacuation Pause) 194M->149M(1024M) 62,286ms
[2022-05-09T17:01:03.481+0100][gc,cpu        ] GC(10) User=0,19s Sys=0,00s Real=0,07s
[2022-05-09T17:01:06.341+0100][gc,start      ] GC(11) Pause Young (Normal) (G1 Evacuation Pause)
[2022-05-09T17:01:06.341+0100][gc,task       ] GC(11) Using 8 workers of 8 for evacuation
[2022-05-09T17:01:06.373+0100][gc,mmu        ] GC(11) MMU target violated: 21,0ms (20,0ms/21,0ms)
[2022-05-09T17:01:06.374+0100][gc,phases     ] GC(11)   Pre Evacuate Collection Set: 0,1ms
[2022-05-09T17:01:06.374+0100][gc,phases     ] GC(11)   Evacuate Collection Set: 26,8ms
[2022-05-09T17:01:06.374+0100][gc,phases     ] GC(11)   Post Evacuate Collection Set: 5,4ms
[2022-05-09T17:01:06.374+0100][gc,phases     ] GC(11)   Other: 0,6ms
[2022-05-09T17:01:06.374+0100][gc,heap       ] GC(11) Eden regions: 46->0(48)
[2022-05-09T17:01:06.374+0100][gc,heap       ] GC(11) Survivor regions: 5->3(7)
[2022-05-09T17:01:06.374+0100][gc,heap       ] GC(11) Old regions: 17->18
[2022-05-09T17:01:06.374+0100][gc,heap       ] GC(11) Humongous regions: 129->129
[2022-05-09T17:01:06.374+0100][gc,metaspace  ] GC(11) Metaspace: 45007K->45007K(1089536K)
[2022-05-09T17:01:06.374+0100][gc            ] GC(11) Pause Young (Normal) (G1 Evacuation Pause) 195M->147M(1024M) 33,009ms
[2022-05-09T17:01:06.374+0100][gc,cpu        ] GC(11) User=0,11s Sys=0,00s Real=0,03s
[2022-05-09T17:01:09.342+0100][gc,start      ] GC(12) Pause Young (Normal) (G1 Evacuation Pause)
[2022-05-09T17:01:09.342+0100][gc,task       ] GC(12) Using 8 workers of 8 for evacuation
[2022-05-09T17:01:09.388+0100][gc,mmu        ] GC(12) MMU target violated: 21,0ms (20,0ms/21,0ms)
[2022-05-09T17:01:09.388+0100][gc,phases     ] GC(12)   Pre Evacuate Collection Set: 0,1ms
[2022-05-09T17:01:09.388+0100][gc,phases     ] GC(12)   Evacuate Collection Set: 13,0ms
[2022-05-09T17:01:09.388+0100][gc,phases     ] GC(12)   Post Evacuate Collection Set: 32,4ms
[2022-05-09T17:01:09.388+0100][gc,phases     ] GC(12)   Other: 0,6ms
[2022-05-09T17:01:09.388+0100][gc,heap       ] GC(12) Eden regions: 48->0(47)
[2022-05-09T17:01:09.388+0100][gc,heap       ] GC(12) Survivor regions: 3->4(7)
[2022-05-09T17:01:09.388+0100][gc,heap       ] GC(12) Old regions: 18->18
[2022-05-09T17:01:09.388+0100][gc,heap       ] GC(12) Humongous regions: 129->129
[2022-05-09T17:01:09.388+0100][gc,metaspace  ] GC(12) Metaspace: 45014K->45014K(1089536K)
[2022-05-09T17:01:09.388+0100][gc            ] GC(12) Pause Young (Normal) (G1 Evacuation Pause) 195M->149M(1024M) 46,126ms
[2022-05-09T17:01:09.388+0100][gc,cpu        ] GC(12) User=0,15s Sys=0,00s Real=0,04s
[2022-05-09T17:01:12.259+0100][gc,start      ] GC(13) Pause Young (Normal) (G1 Evacuation Pause)
[2022-05-09T17:01:12.259+0100][gc,task       ] GC(13) Using 8 workers of 8 for evacuation
[2022-05-09T17:01:12.274+0100][gc,phases     ] GC(13)   Pre Evacuate Collection Set: 0,1ms
[2022-05-09T17:01:12.274+0100][gc,phases     ] GC(13)   Evacuate Collection Set: 13,0ms
[2022-05-09T17:01:12.274+0100][gc,phases     ] GC(13)   Post Evacuate Collection Set: 1,2ms
[2022-05-09T17:01:12.274+0100][gc,phases     ] GC(13)   Other: 0,5ms
[2022-05-09T17:01:12.274+0100][gc,heap       ] GC(13) Eden regions: 47->0(46)
[2022-05-09T17:01:12.274+0100][gc,heap       ] GC(13) Survivor regions: 4->5(7)
[2022-05-09T17:01:12.274+0100][gc,heap       ] GC(13) Old regions: 18->19
[2022-05-09T17:01:12.274+0100][gc,heap       ] GC(13) Humongous regions: 129->129
[2022-05-09T17:01:12.274+0100][gc,metaspace  ] GC(13) Metaspace: 45017K->45017K(1089536K)
[2022-05-09T17:01:12.274+0100][gc            ] GC(13) Pause Young (Normal) (G1 Evacuation Pause) 196M->150M(1024M) 14,937ms
[2022-05-09T17:01:12.274+0100][gc,cpu        ] GC(13) User=0,04s Sys=0,01s Real=0,02s
[2022-05-09T17:01:15.224+0100][gc,start      ] GC(14) Pause Young (Normal) (G1 Evacuation Pause)
[2022-05-09T17:01:15.224+0100][gc,task       ] GC(14) Using 8 workers of 8 for evacuation
[2022-05-09T17:01:15.237+0100][gc,phases     ] GC(14)   Pre Evacuate Collection Set: 0,1ms
[2022-05-09T17:01:15.237+0100][gc,phases     ] GC(14)   Evacuate Collection Set: 11,2ms
[2022-05-09T17:01:15.237+0100][gc,phases     ] GC(14)   Post Evacuate Collection Set: 1,2ms
[2022-05-09T17:01:15.237+0100][gc,phases     ] GC(14)   Other: 0,5ms
[2022-05-09T17:01:15.237+0100][gc,heap       ] GC(14) Eden regions: 46->0(47)
[2022-05-09T17:01:15.237+0100][gc,heap       ] GC(14) Survivor regions: 5->4(7)
[2022-05-09T17:01:15.237+0100][gc,heap       ] GC(14) Old regions: 19->20
[2022-05-09T17:01:15.237+0100][gc,heap       ] GC(14) Humongous regions: 129->129
[2022-05-09T17:01:15.237+0100][gc,metaspace  ] GC(14) Metaspace: 45024K->45024K(1089536K)
[2022-05-09T17:01:15.237+0100][gc            ] GC(14) Pause Young (Normal) (G1 Evacuation Pause) 196M->151M(1024M) 13,165ms
[2022-05-09T17:01:15.237+0100][gc,cpu        ] GC(14) User=0,04s Sys=0,00s Real=0,01s
[2022-05-09T17:01:18.178+0100][gc,start      ] GC(15) Pause Young (Normal) (G1 Evacuation Pause)
[2022-05-09T17:01:18.178+0100][gc,task       ] GC(15) Using 8 workers of 8 for evacuation
[2022-05-09T17:01:18.202+0100][gc,mmu        ] GC(15) MMU target violated: 21,0ms (20,0ms/21,0ms)
[2022-05-09T17:01:18.202+0100][gc,phases     ] GC(15)   Pre Evacuate Collection Set: 0,1ms
[2022-05-09T17:01:18.202+0100][gc,phases     ] GC(15)   Evacuate Collection Set: 22,9ms
[2022-05-09T17:01:18.202+0100][gc,phases     ] GC(15)   Post Evacuate Collection Set: 1,0ms
[2022-05-09T17:01:18.202+0100][gc,phases     ] GC(15)   Other: 0,6ms
[2022-05-09T17:01:18.202+0100][gc,heap       ] GC(15) Eden regions: 47->0(47)
[2022-05-09T17:01:18.202+0100][gc,heap       ] GC(15) Survivor regions: 4->4(7)
[2022-05-09T17:01:18.202+0100][gc,heap       ] GC(15) Old regions: 20->22
[2022-05-09T17:01:18.202+0100][gc,heap       ] GC(15) Humongous regions: 129->129
[2022-05-09T17:01:18.202+0100][gc,metaspace  ] GC(15) Metaspace: 45032K->45032K(1089536K)
[2022-05-09T17:01:18.202+0100][gc            ] GC(15) Pause Young (Normal) (G1 Evacuation Pause) 198M->151M(1024M) 24,674ms
[2022-05-09T17:01:18.202+0100][gc,cpu        ] GC(15) User=0,12s Sys=0,00s Real=0,03s
[2022-05-09T17:01:21.001+0100][gc,start      ] GC(16) Pause Young (Normal) (G1 Evacuation Pause)
[2022-05-09T17:01:21.001+0100][gc,task       ] GC(16) Using 8 workers of 8 for evacuation
[2022-05-09T17:01:21.018+0100][gc,phases     ] GC(16)   Pre Evacuate Collection Set: 0,1ms
[2022-05-09T17:01:21.018+0100][gc,phases     ] GC(16)   Evacuate Collection Set: 16,2ms
[2022-05-09T17:01:21.018+0100][gc,phases     ] GC(16)   Post Evacuate Collection Set: 0,7ms
[2022-05-09T17:01:21.018+0100][gc,phases     ] GC(16)   Other: 0,7ms
[2022-05-09T17:01:21.019+0100][gc,heap       ] GC(16) Eden regions: 47->0(49)
[2022-05-09T17:01:21.019+0100][gc,heap       ] GC(16) Survivor regions: 4->4(7)
[2022-05-09T17:01:21.019+0100][gc,heap       ] GC(16) Old regions: 22->22
[2022-05-09T17:01:21.019+0100][gc,heap       ] GC(16) Humongous regions: 129->129
[2022-05-09T17:01:21.019+0100][gc,metaspace  ] GC(16) Metaspace: 45035K->45035K(1089536K)
[2022-05-09T17:01:21.019+0100][gc            ] GC(16) Pause Young (Normal) (G1 Evacuation Pause) 198M->152M(1024M) 17,918ms
[2022-05-09T17:01:21.019+0100][gc,cpu        ] GC(16) User=0,07s Sys=0,01s Real=0,01s
[2022-05-09T17:01:23.856+0100][gc,start      ] GC(17) Pause Young (Normal) (G1 Evacuation Pause)
[2022-05-09T17:01:23.856+0100][gc,task       ] GC(17) Using 8 workers of 8 for evacuation
[2022-05-09T17:01:23.881+0100][gc,mmu        ] GC(17) MMU target violated: 21,0ms (20,0ms/21,0ms)
[2022-05-09T17:01:23.882+0100][gc,phases     ] GC(17)   Pre Evacuate Collection Set: 0,1ms
[2022-05-09T17:01:23.882+0100][gc,phases     ] GC(17)   Evacuate Collection Set: 24,6ms
[2022-05-09T17:01:23.882+0100][gc,phases     ] GC(17)   Post Evacuate Collection Set: 1,0ms
[2022-05-09T17:01:23.882+0100][gc,phases     ] GC(17)   Other: 0,6ms
[2022-05-09T17:01:23.882+0100][gc,heap       ] GC(17) Eden regions: 47->0(54)
[2022-05-09T17:01:23.882+0100][gc,heap       ] GC(17) Survivor regions: 4->4(7)
[2022-05-09T17:01:23.882+0100][gc,heap       ] GC(17) Old regions: 22->23
[2022-05-09T17:01:23.882+0100][gc,heap       ] GC(17) Humongous regions: 129->129
[2022-05-09T17:01:23.882+0100][gc,metaspace  ] GC(17) Metaspace: 45037K->45037K(1089536K)
[2022-05-09T17:01:23.882+0100][gc            ] GC(17) Pause Young (Normal) (G1 Evacuation Pause) 199M->153M(1024M) 26,348ms
[2022-05-09T17:01:23.882+0100][gc,cpu        ] GC(17) User=0,10s Sys=0,00s Real=0,03s
[2022-05-09T17:01:26.568+0100][gc,start      ] GC(18) Pause Young (Normal) (G1 Evacuation Pause)
[2022-05-09T17:01:26.568+0100][gc,task       ] GC(18) Using 8 workers of 8 for evacuation
[2022-05-09T17:01:26.588+0100][gc,phases     ] GC(18)   Pre Evacuate Collection Set: 0,2ms
[2022-05-09T17:01:26.588+0100][gc,phases     ] GC(18)   Evacuate Collection Set: 18,7ms
[2022-05-09T17:01:26.588+0100][gc,phases     ] GC(18)   Post Evacuate Collection Set: 0,8ms
[2022-05-09T17:01:26.589+0100][gc,phases     ] GC(18)   Other: 0,7ms
[2022-05-09T17:01:26.589+0100][gc,heap       ] GC(18) Eden regions: 47->0(58)
[2022-05-09T17:01:26.589+0100][gc,heap       ] GC(18) Survivor regions: 4->4(7)
[2022-05-09T17:01:26.589+0100][gc,heap       ] GC(18) Old regions: 23->23
[2022-05-09T17:01:26.589+0100][gc,heap       ] GC(18) Humongous regions: 129->129
[2022-05-09T17:01:26.589+0100][gc,metaspace  ] GC(18) Metaspace: 45038K->45038K(1089536K)
[2022-05-09T17:01:26.589+0100][gc            ] GC(18) Pause Young (Normal) (G1 Evacuation Pause) 200M->153M(1024M) 20,552ms
[2022-05-09T17:01:26.589+0100][gc,cpu        ] GC(18) User=0,05s Sys=0,01s Real=0,03s
[2022-05-09T17:01:29.238+0100][gc,start      ] GC(19) Pause Young (Normal) (G1 Evacuation Pause)
[2022-05-09T17:01:29.238+0100][gc,task       ] GC(19) Using 8 workers of 8 for evacuation
[2022-05-09T17:01:29.274+0100][gc,mmu        ] GC(19) MMU target violated: 21,0ms (20,0ms/21,0ms)
[2022-05-09T17:01:29.275+0100][gc,phases     ] GC(19)   Pre Evacuate Collection Set: 0,1ms
[2022-05-09T17:01:29.275+0100][gc,phases     ] GC(19)   Evacuate Collection Set: 33,5ms
[2022-05-09T17:01:29.275+0100][gc,phases     ] GC(19)   Post Evacuate Collection Set: 1,7ms
[2022-05-09T17:01:29.275+0100][gc,phases     ] GC(19)   Other: 1,1ms
[2022-05-09T17:01:29.275+0100][gc,heap       ] GC(19) Eden regions: 47->0(59)
[2022-05-09T17:01:29.275+0100][gc,heap       ] GC(19) Survivor regions: 4->4(7)
[2022-05-09T17:01:29.275+0100][gc,heap       ] GC(19) Old regions: 23->23
[2022-05-09T17:01:29.275+0100][gc,heap       ] GC(19) Humongous regions: 129->129
[2022-05-09T17:01:29.275+0100][gc,metaspace  ] GC(19) Metaspace: 45039K->45039K(1089536K)
[2022-05-09T17:01:29.275+0100][gc            ] GC(19) Pause Young (Normal) (G1 Evacuation Pause) 200M->154M(1024M) 36,490ms
[2022-05-09T17:01:29.275+0100][gc,cpu        ] GC(19) User=0,07s Sys=0,00s Real=0,04s
[2022-05-09T17:01:32.361+0100][gc,start      ] GC(20) Pause Young (Normal) (G1 Evacuation Pause)
[2022-05-09T17:01:32.361+0100][gc,task       ] GC(20) Using 8 workers of 8 for evacuation
[2022-05-09T17:01:32.396+0100][gc,mmu        ] GC(20) MMU target violated: 21,0ms (20,0ms/21,0ms)
[2022-05-09T17:01:32.396+0100][gc,phases     ] GC(20)   Pre Evacuate Collection Set: 0,1ms
[2022-05-09T17:01:32.396+0100][gc,phases     ] GC(20)   Evacuate Collection Set: 33,7ms
[2022-05-09T17:01:32.396+0100][gc,phases     ] GC(20)   Post Evacuate Collection Set: 1,0ms
[2022-05-09T17:01:32.396+0100][gc,phases     ] GC(20)   Other: 0,7ms
[2022-05-09T17:01:32.396+0100][gc,heap       ] GC(20) Eden regions: 59->0(60)
[2022-05-09T17:01:32.396+0100][gc,heap       ] GC(20) Survivor regions: 4->5(8)
[2022-05-09T17:01:32.396+0100][gc,heap       ] GC(20) Old regions: 23->23
[2022-05-09T17:01:32.396+0100][gc,heap       ] GC(20) Humongous regions: 129->129
[2022-05-09T17:01:32.396+0100][gc,metaspace  ] GC(20) Metaspace: 45040K->45040K(1089536K)
[2022-05-09T17:01:32.396+0100][gc            ] GC(20) Pause Young (Normal) (G1 Evacuation Pause) 213M->154M(1024M) 35,530ms
[2022-05-09T17:01:32.396+0100][gc,cpu        ] GC(20) User=0,13s Sys=0,01s Real=0,03s
[2022-05-09T17:01:35.246+0100][gc,start      ] GC(21) Pause Young (Normal) (G1 Evacuation Pause)
[2022-05-09T17:01:35.246+0100][gc,task       ] GC(21) Using 8 workers of 8 for evacuation
[2022-05-09T17:01:35.254+0100][gc,phases     ] GC(21)   Pre Evacuate Collection Set: 0,1ms
[2022-05-09T17:01:35.254+0100][gc,phases     ] GC(21)   Evacuate Collection Set: 6,5ms
[2022-05-09T17:01:35.254+0100][gc,phases     ] GC(21)   Post Evacuate Collection Set: 0,7ms
[2022-05-09T17:01:35.254+0100][gc,phases     ] GC(21)   Other: 0,5ms
[2022-05-09T17:01:35.254+0100][gc,heap       ] GC(21) Eden regions: 60->0(64)
[2022-05-09T17:01:35.254+0100][gc,heap       ] GC(21) Survivor regions: 5->5(9)
[2022-05-09T17:01:35.254+0100][gc,heap       ] GC(21) Old regions: 23->23
[2022-05-09T17:01:35.254+0100][gc,heap       ] GC(21) Humongous regions: 129->129
[2022-05-09T17:01:35.254+0100][gc,metaspace  ] GC(21) Metaspace: 45040K->45040K(1089536K)
[2022-05-09T17:01:35.254+0100][gc            ] GC(21) Pause Young (Normal) (G1 Evacuation Pause) 214M->154M(1024M) 7,917ms
[2022-05-09T17:01:35.254+0100][gc,cpu        ] GC(21) User=0,04s Sys=0,00s Real=0,01s
[2022-05-09T17:01:38.092+0100][gc,start      ] GC(22) Pause Young (Normal) (G1 Evacuation Pause)
[2022-05-09T17:01:38.092+0100][gc,task       ] GC(22) Using 8 workers of 8 for evacuation
[2022-05-09T17:01:38.121+0100][gc,mmu        ] GC(22) MMU target violated: 21,0ms (20,0ms/21,0ms)
[2022-05-09T17:01:38.121+0100][gc,phases     ] GC(22)   Pre Evacuate Collection Set: 0,1ms
[2022-05-09T17:01:38.121+0100][gc,phases     ] GC(22)   Evacuate Collection Set: 27,2ms
[2022-05-09T17:01:38.121+0100][gc,phases     ] GC(22)   Post Evacuate Collection Set: 1,1ms
[2022-05-09T17:01:38.121+0100][gc,phases     ] GC(22)   Other: 0,6ms
[2022-05-09T17:01:38.121+0100][gc,heap       ] GC(22) Eden regions: 64->0(66)
[2022-05-09T17:01:38.121+0100][gc,heap       ] GC(22) Survivor regions: 5->5(9)
[2022-05-09T17:01:38.121+0100][gc,heap       ] GC(22) Old regions: 23->24
[2022-05-09T17:01:38.121+0100][gc,heap       ] GC(22) Humongous regions: 129->129
[2022-05-09T17:01:38.121+0100][gc,metaspace  ] GC(22) Metaspace: 45043K->45043K(1089536K)
[2022-05-09T17:01:38.121+0100][gc            ] GC(22) Pause Young (Normal) (G1 Evacuation Pause) 218M->155M(1024M) 28,961ms
[2022-05-09T17:01:38.121+0100][gc,cpu        ] GC(22) User=0,11s Sys=0,02s Real=0,03s
[2022-05-09T17:01:40.970+0100][gc,start      ] GC(23) Pause Young (Normal) (G1 Evacuation Pause)
[2022-05-09T17:01:40.970+0100][gc,task       ] GC(23) Using 8 workers of 8 for evacuation
[2022-05-09T17:01:40.991+0100][gc,mmu        ] GC(23) MMU target violated: 20,4ms (20,0ms/21,0ms)
[2022-05-09T17:01:40.991+0100][gc,phases     ] GC(23)   Pre Evacuate Collection Set: 0,2ms
[2022-05-09T17:01:40.991+0100][gc,phases     ] GC(23)   Evacuate Collection Set: 17,2ms
[2022-05-09T17:01:40.991+0100][gc,phases     ] GC(23)   Post Evacuate Collection Set: 2,6ms
[2022-05-09T17:01:40.991+0100][gc,phases     ] GC(23)   Other: 0,8ms
[2022-05-09T17:01:40.991+0100][gc,heap       ] GC(23) Eden regions: 66->0(70)
[2022-05-09T17:01:40.991+0100][gc,heap       ] GC(23) Survivor regions: 5->6(9)
[2022-05-09T17:01:40.991+0100][gc,heap       ] GC(23) Old regions: 24->24
[2022-05-09T17:01:40.991+0100][gc,heap       ] GC(23) Humongous regions: 129->129
[2022-05-09T17:01:40.991+0100][gc,metaspace  ] GC(23) Metaspace: 45045K->45045K(1089536K)
[2022-05-09T17:01:40.991+0100][gc            ] GC(23) Pause Young (Normal) (G1 Evacuation Pause) 221M->156M(1024M) 20,894ms
[2022-05-09T17:01:40.991+0100][gc,cpu        ] GC(23) User=0,08s Sys=0,01s Real=0,02s
[2022-05-09T17:01:43.812+0100][gc,start      ] GC(24) Pause Young (Normal) (G1 Evacuation Pause)
[2022-05-09T17:01:43.812+0100][gc,task       ] GC(24) Using 8 workers of 8 for evacuation
[2022-05-09T17:01:43.858+0100][gc,mmu        ] GC(24) MMU target violated: 21,0ms (20,0ms/21,0ms)
[2022-05-09T17:01:43.858+0100][gc,phases     ] GC(24)   Pre Evacuate Collection Set: 0,1ms
[2022-05-09T17:01:43.858+0100][gc,phases     ] GC(24)   Evacuate Collection Set: 43,8ms
[2022-05-09T17:01:43.858+0100][gc,phases     ] GC(24)   Post Evacuate Collection Set: 1,0ms
[2022-05-09T17:01:43.858+0100][gc,phases     ] GC(24)   Other: 0,6ms
[2022-05-09T17:01:43.858+0100][gc,heap       ] GC(24) Eden regions: 70->0(150)
[2022-05-09T17:01:43.858+0100][gc,heap       ] GC(24) Survivor regions: 6->6(10)
[2022-05-09T17:01:43.858+0100][gc,heap       ] GC(24) Old regions: 24->24
[2022-05-09T17:01:43.858+0100][gc,heap       ] GC(24) Humongous regions: 129->129
[2022-05-09T17:01:43.858+0100][gc,metaspace  ] GC(24) Metaspace: 45051K->45051K(1089536K)
[2022-05-09T17:01:43.858+0100][gc            ] GC(24) Pause Young (Normal) (G1 Evacuation Pause) 226M->156M(1024M) 45,515ms
[2022-05-09T17:01:43.858+0100][gc,cpu        ] GC(24) User=0,13s Sys=0,01s Real=0,04s
[2022-05-09T17:01:49.914+0100][gc,start      ] GC(25) Pause Young (Normal) (G1 Evacuation Pause)
[2022-05-09T17:01:49.914+0100][gc,task       ] GC(25) Using 8 workers of 8 for evacuation
[2022-05-09T17:01:49.934+0100][gc,phases     ] GC(25)   Pre Evacuate Collection Set: 0,1ms
[2022-05-09T17:01:49.934+0100][gc,phases     ] GC(25)   Evacuate Collection Set: 18,1ms
[2022-05-09T17:01:49.934+0100][gc,phases     ] GC(25)   Post Evacuate Collection Set: 1,2ms
[2022-05-09T17:01:49.934+0100][gc,phases     ] GC(25)   Other: 0,7ms
[2022-05-09T17:01:49.934+0100][gc,heap       ] GC(25) Eden regions: 150->0(158)
[2022-05-09T17:01:49.934+0100][gc,heap       ] GC(25) Survivor regions: 6->7(20)
[2022-05-09T17:01:49.934+0100][gc,heap       ] GC(25) Old regions: 24->24
[2022-05-09T17:01:49.934+0100][gc,heap       ] GC(25) Humongous regions: 129->129
[2022-05-09T17:01:49.934+0100][gc,metaspace  ] GC(25) Metaspace: 45051K->45051K(1089536K)
[2022-05-09T17:01:49.935+0100][gc            ] GC(25) Pause Young (Normal) (G1 Evacuation Pause) 306M->157M(1024M) 20,358ms
[2022-05-09T17:01:49.935+0100][gc,cpu        ] GC(25) User=0,07s Sys=0,00s Real=0,02s
[2022-05-09T17:01:55.770+0100][gc,start      ] GC(26) Pause Young (Normal) (G1 Evacuation Pause)
[2022-05-09T17:01:55.770+0100][gc,task       ] GC(26) Using 8 workers of 8 for evacuation
[2022-05-09T17:01:55.782+0100][gc,phases     ] GC(26)   Pre Evacuate Collection Set: 0,1ms
[2022-05-09T17:01:55.782+0100][gc,phases     ] GC(26)   Evacuate Collection Set: 10,1ms
[2022-05-09T17:01:55.782+0100][gc,phases     ] GC(26)   Post Evacuate Collection Set: 1,0ms
[2022-05-09T17:01:55.782+0100][gc,phases     ] GC(26)   Other: 0,4ms
[2022-05-09T17:01:55.782+0100][gc,heap       ] GC(26) Eden regions: 153->0(177)
[2022-05-09T17:01:55.782+0100][gc,heap       ] GC(26) Survivor regions: 7->7(20)
[2022-05-09T17:01:55.782+0100][gc,heap       ] GC(26) Old regions: 24->24
[2022-05-09T17:01:55.782+0100][gc,heap       ] GC(26) Humongous regions: 129->129
[2022-05-09T17:01:55.782+0100][gc,metaspace  ] GC(26) Metaspace: 45051K->45051K(1089536K)
[2022-05-09T17:01:55.782+0100][gc            ] GC(26) Pause Young (Normal) (G1 Evacuation Pause) 310M->157M(1024M) 11,805ms
[2022-05-09T17:01:55.782+0100][gc,cpu        ] GC(26) User=0,05s Sys=0,00s Real=0,01s
[2022-05-09T17:02:02.678+0100][gc,start      ] GC(27) Pause Young (Normal) (G1 Evacuation Pause)
[2022-05-09T17:02:02.678+0100][gc,task       ] GC(27) Using 8 workers of 8 for evacuation
[2022-05-09T17:02:02.717+0100][gc,mmu        ] GC(27) MMU target violated: 21,0ms (20,0ms/21,0ms)
[2022-05-09T17:02:02.717+0100][gc,phases     ] GC(27)   Pre Evacuate Collection Set: 0,2ms
[2022-05-09T17:02:02.717+0100][gc,phases     ] GC(27)   Evacuate Collection Set: 35,5ms
[2022-05-09T17:02:02.717+0100][gc,phases     ] GC(27)   Post Evacuate Collection Set: 2,2ms
[2022-05-09T17:02:02.717+0100][gc,phases     ] GC(27)   Other: 0,8ms
[2022-05-09T17:02:02.717+0100][gc,heap       ] GC(27) Eden regions: 177->0(176)
[2022-05-09T17:02:02.717+0100][gc,heap       ] GC(27) Survivor regions: 7->8(23)
[2022-05-09T17:02:02.717+0100][gc,heap       ] GC(27) Old regions: 24->24
[2022-05-09T17:02:02.717+0100][gc,heap       ] GC(27) Humongous regions: 129->129
[2022-05-09T17:02:02.717+0100][gc,metaspace  ] GC(27) Metaspace: 45053K->45053K(1089536K)
[2022-05-09T17:02:02.717+0100][gc            ] GC(27) Pause Young (Normal) (G1 Evacuation Pause) 334M->158M(1024M) 38,679ms
[2022-05-09T17:02:02.717+0100][gc,cpu        ] GC(27) User=0,10s Sys=0,01s Real=0,04s
[2022-05-09T21:26:21.535+0100][gc,start      ] GC(28) Pause Young (Normal) (G1 Evacuation Pause)
[2022-05-09T21:26:21.535+0100][gc,task       ] GC(28) Using 8 workers of 8 for evacuation
[2022-05-09T21:26:21.558+0100][gc,mmu        ] GC(28) MMU target violated: 21,0ms (20,0ms/21,0ms)
[2022-05-09T21:26:21.558+0100][gc,phases     ] GC(28)   Pre Evacuate Collection Set: 0,0ms
[2022-05-09T21:26:21.558+0100][gc,phases     ] GC(28)   Evacuate Collection Set: 21,7ms
[2022-05-09T21:26:21.558+0100][gc,phases     ] GC(28)   Post Evacuate Collection Set: 1,3ms
[2022-05-09T21:26:21.558+0100][gc,phases     ] GC(28)   Other: 0,5ms
[2022-05-09T21:26:21.558+0100][gc,heap       ] GC(28) Eden regions: 99->0(103)
[2022-05-09T21:26:21.558+0100][gc,heap       ] GC(28) Survivor regions: 8->8(14)
[2022-05-09T21:26:21.558+0100][gc,heap       ] GC(28) Old regions: 24->25
[2022-05-09T21:26:21.558+0100][gc,heap       ] GC(28) Humongous regions: 129->129
[2022-05-09T21:26:21.558+0100][gc,metaspace  ] GC(28) Metaspace: 45569K->45569K(1091584K)
[2022-05-09T21:26:21.558+0100][gc            ] GC(28) Pause Young (Normal) (G1 Evacuation Pause) 257M->159M(1024M) 23,718ms
[2022-05-09T21:26:21.558+0100][gc,cpu        ] GC(28) User=0,15s Sys=0,01s Real=0,02s
