[2022-05-15T14:28:12.995+0100][gc,heap] Heap region size: 1M
[2022-05-15T14:28:13.010+0100][gc     ] Using G1
[2022-05-15T14:28:13.010+0100][gc,heap,coops] Heap address: 0x00000000c0000000, size: 1024 MB, Compressed Oops mode: 32-bit
[2022-05-15T14:28:13.011+0100][gc,cds       ] Mark closed archive regions in map: [0x00000000fff00000, 0x00000000fff6aff8]
[2022-05-15T14:28:13.011+0100][gc,cds       ] Mark open archive regions in map: [0x00000000ffe00000, 0x00000000ffe46ff8]
[2022-05-15T14:28:13.671+0100][gc,start     ] GC(0) Pause Young (Normal) (G1 Evacuation Pause)
[2022-05-15T14:28:13.672+0100][gc,task      ] GC(0) Using 8 workers of 8 for evacuation
[2022-05-15T14:28:13.681+0100][gc,phases    ] GC(0)   Pre Evacuate Collection Set: 0,0ms
[2022-05-15T14:28:13.681+0100][gc,phases    ] GC(0)   Evacuate Collection Set: 8,4ms
[2022-05-15T14:28:13.681+0100][gc,phases    ] GC(0)   Post Evacuate Collection Set: 0,4ms
[2022-05-15T14:28:13.681+0100][gc,phases    ] GC(0)   Other: 0,8ms
[2022-05-15T14:28:13.681+0100][gc,heap      ] GC(0) Eden regions: 51->0(44)
[2022-05-15T14:28:13.681+0100][gc,heap      ] GC(0) Survivor regions: 0->7(7)
[2022-05-15T14:28:13.681+0100][gc,heap      ] GC(0) Old regions: 2->2
[2022-05-15T14:28:13.681+0100][gc,heap      ] GC(0) Humongous regions: 0->0
[2022-05-15T14:28:13.681+0100][gc,metaspace ] GC(0) Metaspace: 14883K->14883K(1062912K)
[2022-05-15T14:28:13.681+0100][gc           ] GC(0) Pause Young (Normal) (G1 Evacuation Pause) 51M->7M(1024M) 9,674ms
[2022-05-15T14:28:13.681+0100][gc,cpu       ] GC(0) User=0,05s Sys=0,00s Real=0,01s
[2022-05-15T14:28:13.954+0100][gc,start     ] GC(1) Pause Young (Concurrent Start) (Metadata GC Threshold)
[2022-05-15T14:28:13.954+0100][gc,task      ] GC(1) Using 8 workers of 8 for evacuation
[2022-05-15T14:28:13.963+0100][gc,phases    ] GC(1)   Pre Evacuate Collection Set: 0,0ms
[2022-05-15T14:28:13.963+0100][gc,phases    ] GC(1)   Evacuate Collection Set: 8,4ms
[2022-05-15T14:28:13.963+0100][gc,phases    ] GC(1)   Post Evacuate Collection Set: 0,4ms
[2022-05-15T14:28:13.964+0100][gc,phases    ] GC(1)   Other: 0,2ms
[2022-05-15T14:28:13.964+0100][gc,heap      ] GC(1) Eden regions: 24->0(49)
[2022-05-15T14:28:13.964+0100][gc,heap      ] GC(1) Survivor regions: 7->2(7)
[2022-05-15T14:28:13.964+0100][gc,heap      ] GC(1) Old regions: 2->9
[2022-05-15T14:28:13.964+0100][gc,heap      ] GC(1) Humongous regions: 0->0
[2022-05-15T14:28:13.964+0100][gc,metaspace ] GC(1) Metaspace: 20520K->20520K(1067008K)
[2022-05-15T14:28:13.964+0100][gc           ] GC(1) Pause Young (Concurrent Start) (Metadata GC Threshold) 30M->8M(1024M) 9,076ms
[2022-05-15T14:28:13.964+0100][gc,cpu       ] GC(1) User=0,05s Sys=0,00s Real=0,01s
[2022-05-15T14:28:13.964+0100][gc           ] GC(2) Concurrent Cycle
[2022-05-15T14:28:13.964+0100][gc,marking   ] GC(2) Concurrent Clear Claimed Marks
[2022-05-15T14:28:13.964+0100][gc,marking   ] GC(2) Concurrent Clear Claimed Marks 0,056ms
[2022-05-15T14:28:13.964+0100][gc,marking   ] GC(2) Concurrent Scan Root Regions
[2022-05-15T14:28:13.965+0100][gc,marking   ] GC(2) Concurrent Scan Root Regions 1,203ms
[2022-05-15T14:28:13.965+0100][gc,marking   ] GC(2) Concurrent Mark (0,990s)
[2022-05-15T14:28:13.965+0100][gc,marking   ] GC(2) Concurrent Mark From Roots
[2022-05-15T14:28:13.965+0100][gc,task      ] GC(2) Using 2 workers of 2 for marking
[2022-05-15T14:28:13.970+0100][gc,marking   ] GC(2) Concurrent Mark From Roots 4,875ms
[2022-05-15T14:28:13.970+0100][gc,marking   ] GC(2) Concurrent Preclean
[2022-05-15T14:28:13.970+0100][gc,marking   ] GC(2) Concurrent Preclean 0,158ms
[2022-05-15T14:28:13.970+0100][gc,marking   ] GC(2) Concurrent Mark (0,990s, 0,995s) 5,080ms
[2022-05-15T14:28:13.970+0100][gc,start     ] GC(2) Pause Remark
[2022-05-15T14:28:13.973+0100][gc,stringtable] GC(2) Cleaned string and symbol table, strings: 5227 processed, 0 removed, symbols: 50599 processed, 40 removed
[2022-05-15T14:28:13.974+0100][gc            ] GC(2) Pause Remark 8M->8M(1024M) 3,407ms
[2022-05-15T14:28:13.974+0100][gc,cpu        ] GC(2) User=0,02s Sys=0,00s Real=0,00s
[2022-05-15T14:28:13.974+0100][gc,marking    ] GC(2) Concurrent Rebuild Remembered Sets
[2022-05-15T14:28:13.976+0100][gc,marking    ] GC(2) Concurrent Rebuild Remembered Sets 2,271ms
[2022-05-15T14:28:13.976+0100][gc,start      ] GC(2) Pause Cleanup
[2022-05-15T14:28:13.976+0100][gc            ] GC(2) Pause Cleanup 9M->9M(1024M) 0,291ms
[2022-05-15T14:28:13.976+0100][gc,cpu        ] GC(2) User=0,00s Sys=0,00s Real=0,00s
[2022-05-15T14:28:13.976+0100][gc,marking    ] GC(2) Concurrent Cleanup for Next Mark
[2022-05-15T14:28:13.979+0100][gc,marking    ] GC(2) Concurrent Cleanup for Next Mark 3,132ms
[2022-05-15T14:28:13.980+0100][gc            ] GC(2) Concurrent Cycle 15,913ms
[2022-05-15T14:28:14.586+0100][gc,start      ] GC(3) Pause Young (Normal) (G1 Evacuation Pause)
[2022-05-15T14:28:14.586+0100][gc,task       ] GC(3) Using 8 workers of 8 for evacuation
[2022-05-15T14:28:14.589+0100][gc,phases     ] GC(3)   Pre Evacuate Collection Set: 0,0ms
[2022-05-15T14:28:14.589+0100][gc,phases     ] GC(3)   Evacuate Collection Set: 2,7ms
[2022-05-15T14:28:14.589+0100][gc,phases     ] GC(3)   Post Evacuate Collection Set: 0,4ms
[2022-05-15T14:28:14.589+0100][gc,phases     ] GC(3)   Other: 0,1ms
[2022-05-15T14:28:14.589+0100][gc,heap       ] GC(3) Eden regions: 49->0(47)
[2022-05-15T14:28:14.589+0100][gc,heap       ] GC(3) Survivor regions: 2->4(7)
[2022-05-15T14:28:14.589+0100][gc,heap       ] GC(3) Old regions: 9->9
[2022-05-15T14:28:14.589+0100][gc,heap       ] GC(3) Humongous regions: 129->129
[2022-05-15T14:28:14.589+0100][gc,metaspace  ] GC(3) Metaspace: 28968K->28968K(1075200K)
[2022-05-15T14:28:14.589+0100][gc            ] GC(3) Pause Young (Normal) (G1 Evacuation Pause) 186M->139M(1024M) 3,284ms
[2022-05-15T14:28:14.589+0100][gc,cpu        ] GC(3) User=0,02s Sys=0,00s Real=0,01s
[2022-05-15T14:28:14.896+0100][gc,start      ] GC(4) Pause Young (Concurrent Start) (Metadata GC Threshold)
[2022-05-15T14:28:14.896+0100][gc,task       ] GC(4) Using 8 workers of 8 for evacuation
[2022-05-15T14:28:14.901+0100][gc,phases     ] GC(4)   Pre Evacuate Collection Set: 0,1ms
[2022-05-15T14:28:14.901+0100][gc,phases     ] GC(4)   Evacuate Collection Set: 5,3ms
[2022-05-15T14:28:14.901+0100][gc,phases     ] GC(4)   Post Evacuate Collection Set: 0,4ms
[2022-05-15T14:28:14.901+0100][gc,phases     ] GC(4)   Other: 0,2ms
[2022-05-15T14:28:14.901+0100][gc,heap       ] GC(4) Eden regions: 35->0(44)
[2022-05-15T14:28:14.901+0100][gc,heap       ] GC(4) Survivor regions: 4->7(7)
[2022-05-15T14:28:14.901+0100][gc,heap       ] GC(4) Old regions: 9->9
[2022-05-15T14:28:14.901+0100][gc,heap       ] GC(4) Humongous regions: 129->129
[2022-05-15T14:28:14.901+0100][gc,metaspace  ] GC(4) Metaspace: 34540K->34540K(1081344K)
[2022-05-15T14:28:14.902+0100][gc            ] GC(4) Pause Young (Concurrent Start) (Metadata GC Threshold) 173M->142M(1024M) 5,989ms
[2022-05-15T14:28:14.902+0100][gc,cpu        ] GC(4) User=0,02s Sys=0,00s Real=0,00s
[2022-05-15T14:28:14.902+0100][gc            ] GC(5) Concurrent Cycle
[2022-05-15T14:28:14.902+0100][gc,marking    ] GC(5) Concurrent Clear Claimed Marks
[2022-05-15T14:28:14.902+0100][gc,marking    ] GC(5) Concurrent Clear Claimed Marks 0,101ms
[2022-05-15T14:28:14.902+0100][gc,marking    ] GC(5) Concurrent Scan Root Regions
[2022-05-15T14:28:14.905+0100][gc,marking    ] GC(5) Concurrent Scan Root Regions 2,903ms
[2022-05-15T14:28:14.905+0100][gc,marking    ] GC(5) Concurrent Mark (1,929s)
[2022-05-15T14:28:14.905+0100][gc,marking    ] GC(5) Concurrent Mark From Roots
[2022-05-15T14:28:14.905+0100][gc,task       ] GC(5) Using 2 workers of 2 for marking
[2022-05-15T14:28:14.910+0100][gc,marking    ] GC(5) Concurrent Mark From Roots 5,446ms
[2022-05-15T14:28:14.910+0100][gc,marking    ] GC(5) Concurrent Preclean
[2022-05-15T14:28:14.910+0100][gc,marking    ] GC(5) Concurrent Preclean 0,111ms
[2022-05-15T14:28:14.910+0100][gc,marking    ] GC(5) Concurrent Mark (1,929s, 1,935s) 5,600ms
[2022-05-15T14:28:14.911+0100][gc,start      ] GC(5) Pause Remark
[2022-05-15T14:28:14.914+0100][gc,stringtable] GC(5) Cleaned string and symbol table, strings: 11152 processed, 10 removed, symbols: 82091 processed, 18 removed
[2022-05-15T14:28:14.914+0100][gc            ] GC(5) Pause Remark 143M->143M(1024M) 3,348ms
[2022-05-15T14:28:14.914+0100][gc,cpu        ] GC(5) User=0,01s Sys=0,00s Real=0,00s
[2022-05-15T14:28:14.914+0100][gc,marking    ] GC(5) Concurrent Rebuild Remembered Sets
[2022-05-15T14:28:14.920+0100][gc,marking    ] GC(5) Concurrent Rebuild Remembered Sets 5,455ms
[2022-05-15T14:28:14.920+0100][gc,start      ] GC(5) Pause Cleanup
[2022-05-15T14:28:14.921+0100][gc            ] GC(5) Pause Cleanup 144M->144M(1024M) 0,298ms
[2022-05-15T14:28:14.921+0100][gc,cpu        ] GC(5) User=0,00s Sys=0,00s Real=0,00s
[2022-05-15T14:28:14.921+0100][gc,marking    ] GC(5) Concurrent Cleanup for Next Mark
[2022-05-15T14:28:14.926+0100][gc,marking    ] GC(5) Concurrent Cleanup for Next Mark 5,170ms
[2022-05-15T14:28:14.926+0100][gc            ] GC(5) Concurrent Cycle 24,426ms
[2022-05-15T14:28:15.279+0100][gc,start      ] GC(6) Pause Young (Normal) (G1 Evacuation Pause)
[2022-05-15T14:28:15.279+0100][gc,task       ] GC(6) Using 8 workers of 8 for evacuation
[2022-05-15T14:28:15.285+0100][gc,phases     ] GC(6)   Pre Evacuate Collection Set: 0,0ms
[2022-05-15T14:28:15.285+0100][gc,phases     ] GC(6)   Evacuate Collection Set: 5,0ms
[2022-05-15T14:28:15.285+0100][gc,phases     ] GC(6)   Post Evacuate Collection Set: 0,6ms
[2022-05-15T14:28:15.285+0100][gc,phases     ] GC(6)   Other: 0,1ms
[2022-05-15T14:28:15.285+0100][gc,heap       ] GC(6) Eden regions: 44->0(46)
[2022-05-15T14:28:15.285+0100][gc,heap       ] GC(6) Survivor regions: 7->5(7)
[2022-05-15T14:28:15.285+0100][gc,heap       ] GC(6) Old regions: 9->12
[2022-05-15T14:28:15.285+0100][gc,heap       ] GC(6) Humongous regions: 141->135
[2022-05-15T14:28:15.285+0100][gc,metaspace  ] GC(6) Metaspace: 39444K->39444K(1085440K)
[2022-05-15T14:28:15.285+0100][gc            ] GC(6) Pause Young (Normal) (G1 Evacuation Pause) 198M->149M(1024M) 5,814ms
[2022-05-15T14:28:15.285+0100][gc,cpu        ] GC(6) User=0,04s Sys=0,00s Real=0,00s
[2022-05-15T14:28:15.349+0100][gc,start      ] GC(7) Pause Young (Normal) (G1 Evacuation Pause)
[2022-05-15T14:28:15.349+0100][gc,task       ] GC(7) Using 8 workers of 8 for evacuation
[2022-05-15T14:28:15.355+0100][gc,phases     ] GC(7)   Pre Evacuate Collection Set: 0,0ms
[2022-05-15T14:28:15.355+0100][gc,phases     ] GC(7)   Evacuate Collection Set: 4,6ms
[2022-05-15T14:28:15.355+0100][gc,phases     ] GC(7)   Post Evacuate Collection Set: 0,4ms
[2022-05-15T14:28:15.355+0100][gc,phases     ] GC(7)   Other: 0,2ms
[2022-05-15T14:28:15.355+0100][gc,heap       ] GC(7) Eden regions: 46->0(49)
[2022-05-15T14:28:15.355+0100][gc,heap       ] GC(7) Survivor regions: 5->2(7)
[2022-05-15T14:28:15.355+0100][gc,heap       ] GC(7) Old regions: 12->15
[2022-05-15T14:28:15.355+0100][gc,heap       ] GC(7) Humongous regions: 147->135
[2022-05-15T14:28:15.355+0100][gc,metaspace  ] GC(7) Metaspace: 39454K->39454K(1085440K)
[2022-05-15T14:28:15.355+0100][gc            ] GC(7) Pause Young (Normal) (G1 Evacuation Pause) 207M->150M(1024M) 5,217ms
[2022-05-15T14:28:15.355+0100][gc,cpu        ] GC(7) User=0,04s Sys=0,00s Real=0,00s
[2022-05-15T14:31:15.186+0100][gc,start      ] GC(8) Pause Young (Normal) (G1 Evacuation Pause)
[2022-05-15T14:31:15.186+0100][gc,task       ] GC(8) Using 8 workers of 8 for evacuation
[2022-05-15T14:31:15.197+0100][gc,phases     ] GC(8)   Pre Evacuate Collection Set: 0,1ms
[2022-05-15T14:31:15.197+0100][gc,phases     ] GC(8)   Evacuate Collection Set: 8,3ms
[2022-05-15T14:31:15.197+0100][gc,phases     ] GC(8)   Post Evacuate Collection Set: 2,0ms
[2022-05-15T14:31:15.197+0100][gc,phases     ] GC(8)   Other: 0,5ms
[2022-05-15T14:31:15.197+0100][gc,heap       ] GC(8) Eden regions: 49->0(48)
[2022-05-15T14:31:15.197+0100][gc,heap       ] GC(8) Survivor regions: 2->3(7)
[2022-05-15T14:31:15.197+0100][gc,heap       ] GC(8) Old regions: 15->15
[2022-05-15T14:31:15.197+0100][gc,heap       ] GC(8) Humongous regions: 135->129
[2022-05-15T14:31:15.197+0100][gc,metaspace  ] GC(8) Metaspace: 43468K->43468K(1089536K)
[2022-05-15T14:31:15.197+0100][gc            ] GC(8) Pause Young (Normal) (G1 Evacuation Pause) 199M->145M(1024M) 11,246ms
[2022-05-15T14:31:15.197+0100][gc,cpu        ] GC(8) User=0,07s Sys=0,00s Real=0,02s
[2022-05-15T14:51:20.158+0100][gc,start      ] GC(9) Pause Young (Normal) (G1 Evacuation Pause)
[2022-05-15T14:51:20.158+0100][gc,task       ] GC(9) Using 8 workers of 8 for evacuation
[2022-05-15T14:51:20.172+0100][gc,phases     ] GC(9)   Pre Evacuate Collection Set: 0,2ms
[2022-05-15T14:51:20.172+0100][gc,phases     ] GC(9)   Evacuate Collection Set: 12,6ms
[2022-05-15T14:51:20.172+0100][gc,phases     ] GC(9)   Post Evacuate Collection Set: 1,1ms
[2022-05-15T14:51:20.172+0100][gc,phases     ] GC(9)   Other: 0,3ms
[2022-05-15T14:51:20.172+0100][gc,heap       ] GC(9) Eden regions: 48->0(47)
[2022-05-15T14:51:20.172+0100][gc,heap       ] GC(9) Survivor regions: 3->4(7)
[2022-05-15T14:51:20.172+0100][gc,heap       ] GC(9) Old regions: 15->15
[2022-05-15T14:51:20.172+0100][gc,heap       ] GC(9) Humongous regions: 129->129
[2022-05-15T14:51:20.172+0100][gc,metaspace  ] GC(9) Metaspace: 44682K->44682K(1089536K)
[2022-05-15T14:51:20.172+0100][gc            ] GC(9) Pause Young (Normal) (G1 Evacuation Pause) 193M->146M(1024M) 14,228ms
[2022-05-15T14:51:20.172+0100][gc,cpu        ] GC(9) User=0,03s Sys=0,00s Real=0,01s
[2022-05-15T14:51:24.060+0100][gc,start      ] GC(10) Pause Young (Normal) (G1 Evacuation Pause)
[2022-05-15T14:51:24.060+0100][gc,task       ] GC(10) Using 8 workers of 8 for evacuation
[2022-05-15T14:51:24.088+0100][gc,mmu        ] GC(10) MMU target violated: 21,0ms (20,0ms/21,0ms)
[2022-05-15T14:51:24.088+0100][gc,phases     ] GC(10)   Pre Evacuate Collection Set: 0,1ms
[2022-05-15T14:51:24.088+0100][gc,phases     ] GC(10)   Evacuate Collection Set: 18,3ms
[2022-05-15T14:51:24.088+0100][gc,phases     ] GC(10)   Post Evacuate Collection Set: 8,7ms
[2022-05-15T14:51:24.088+0100][gc,phases     ] GC(10)   Other: 0,5ms
[2022-05-15T14:51:24.088+0100][gc,heap       ] GC(10) Eden regions: 47->0(47)
[2022-05-15T14:51:24.088+0100][gc,heap       ] GC(10) Survivor regions: 4->4(7)
[2022-05-15T14:51:24.088+0100][gc,heap       ] GC(10) Old regions: 15->15
[2022-05-15T14:51:24.088+0100][gc,heap       ] GC(10) Humongous regions: 129->129
[2022-05-15T14:51:24.088+0100][gc,metaspace  ] GC(10) Metaspace: 44690K->44690K(1089536K)
[2022-05-15T14:51:24.088+0100][gc            ] GC(10) Pause Young (Normal) (G1 Evacuation Pause) 193M->146M(1024M) 27,599ms
[2022-05-15T14:51:24.088+0100][gc,cpu        ] GC(10) User=0,10s Sys=0,01s Real=0,03s
[2022-05-15T14:51:30.480+0100][gc,start      ] GC(11) Pause Young (Normal) (G1 Evacuation Pause)
[2022-05-15T14:51:30.480+0100][gc,task       ] GC(11) Using 8 workers of 8 for evacuation
[2022-05-15T14:51:30.512+0100][gc,mmu        ] GC(11) MMU target violated: 21,0ms (20,0ms/21,0ms)
[2022-05-15T14:51:30.512+0100][gc,phases     ] GC(11)   Pre Evacuate Collection Set: 0,1ms
[2022-05-15T14:51:30.512+0100][gc,phases     ] GC(11)   Evacuate Collection Set: 19,0ms
[2022-05-15T14:51:30.512+0100][gc,phases     ] GC(11)   Post Evacuate Collection Set: 12,3ms
[2022-05-15T14:51:30.512+0100][gc,phases     ] GC(11)   Other: 0,6ms
[2022-05-15T14:51:30.512+0100][gc,heap       ] GC(11) Eden regions: 47->0(47)
[2022-05-15T14:51:30.512+0100][gc,heap       ] GC(11) Survivor regions: 4->4(7)
[2022-05-15T14:51:30.512+0100][gc,heap       ] GC(11) Old regions: 15->15
[2022-05-15T14:51:30.512+0100][gc,heap       ] GC(11) Humongous regions: 129->129
[2022-05-15T14:51:30.512+0100][gc,metaspace  ] GC(11) Metaspace: 44692K->44692K(1089536K)
[2022-05-15T14:51:30.512+0100][gc            ] GC(11) Pause Young (Normal) (G1 Evacuation Pause) 193M->146M(1024M) 31,976ms
[2022-05-15T14:51:30.512+0100][gc,cpu        ] GC(11) User=0,07s Sys=0,01s Real=0,03s
[2022-05-15T14:51:39.406+0100][gc,start      ] GC(12) Pause Young (Normal) (G1 Evacuation Pause)
[2022-05-15T14:51:39.406+0100][gc,task       ] GC(12) Using 8 workers of 8 for evacuation
[2022-05-15T14:51:39.432+0100][gc,mmu        ] GC(12) MMU target violated: 21,0ms (20,0ms/21,0ms)
[2022-05-15T14:51:39.432+0100][gc,phases     ] GC(12)   Pre Evacuate Collection Set: 0,1ms
[2022-05-15T14:51:39.432+0100][gc,phases     ] GC(12)   Evacuate Collection Set: 20,6ms
[2022-05-15T14:51:39.432+0100][gc,phases     ] GC(12)   Post Evacuate Collection Set: 4,6ms
[2022-05-15T14:51:39.432+0100][gc,phases     ] GC(12)   Other: 0,4ms
[2022-05-15T14:51:39.432+0100][gc,heap       ] GC(12) Eden regions: 47->0(48)
[2022-05-15T14:51:39.432+0100][gc,heap       ] GC(12) Survivor regions: 4->4(7)
[2022-05-15T14:51:39.432+0100][gc,heap       ] GC(12) Old regions: 15->15
[2022-05-15T14:51:39.432+0100][gc,heap       ] GC(12) Humongous regions: 129->129
[2022-05-15T14:51:39.432+0100][gc,metaspace  ] GC(12) Metaspace: 44697K->44697K(1089536K)
[2022-05-15T14:51:39.432+0100][gc            ] GC(12) Pause Young (Normal) (G1 Evacuation Pause) 193M->146M(1024M) 25,733ms
[2022-05-15T14:51:39.432+0100][gc,cpu        ] GC(12) User=0,10s Sys=0,00s Real=0,03s
[2022-05-15T14:51:51.309+0100][gc,start      ] GC(13) Pause Young (Normal) (G1 Evacuation Pause)
[2022-05-15T14:51:51.309+0100][gc,task       ] GC(13) Using 8 workers of 8 for evacuation
[2022-05-15T14:51:51.316+0100][gc,phases     ] GC(13)   Pre Evacuate Collection Set: 0,1ms
[2022-05-15T14:51:51.316+0100][gc,phases     ] GC(13)   Evacuate Collection Set: 5,8ms
[2022-05-15T14:51:51.316+0100][gc,phases     ] GC(13)   Post Evacuate Collection Set: 1,4ms
[2022-05-15T14:51:51.316+0100][gc,phases     ] GC(13)   Other: 0,3ms
[2022-05-15T14:51:51.316+0100][gc,heap       ] GC(13) Eden regions: 48->0(55)
[2022-05-15T14:51:51.316+0100][gc,heap       ] GC(13) Survivor regions: 4->4(7)
[2022-05-15T14:51:51.316+0100][gc,heap       ] GC(13) Old regions: 15->15
[2022-05-15T14:51:51.316+0100][gc,heap       ] GC(13) Humongous regions: 129->129
[2022-05-15T14:51:51.316+0100][gc,metaspace  ] GC(13) Metaspace: 44717K->44717K(1089536K)
[2022-05-15T14:51:51.316+0100][gc            ] GC(13) Pause Young (Normal) (G1 Evacuation Pause) 194M->146M(1024M) 7,713ms
[2022-05-15T14:51:51.316+0100][gc,cpu        ] GC(13) User=0,03s Sys=0,00s Real=0,01s
[2022-05-15T14:52:08.331+0100][gc,start      ] GC(14) Pause Young (Normal) (G1 Evacuation Pause)
[2022-05-15T14:52:08.331+0100][gc,task       ] GC(14) Using 8 workers of 8 for evacuation
[2022-05-15T14:52:08.361+0100][gc,mmu        ] GC(14) MMU target violated: 21,0ms (20,0ms/21,0ms)
[2022-05-15T14:52:08.361+0100][gc,phases     ] GC(14)   Pre Evacuate Collection Set: 0,1ms
[2022-05-15T14:52:08.361+0100][gc,phases     ] GC(14)   Evacuate Collection Set: 20,5ms
[2022-05-15T14:52:08.361+0100][gc,phases     ] GC(14)   Post Evacuate Collection Set: 8,8ms
[2022-05-15T14:52:08.361+0100][gc,phases     ] GC(14)   Other: 0,6ms
[2022-05-15T14:52:08.361+0100][gc,heap       ] GC(14) Eden regions: 55->0(58)
[2022-05-15T14:52:08.361+0100][gc,heap       ] GC(14) Survivor regions: 4->4(8)
[2022-05-15T14:52:08.361+0100][gc,heap       ] GC(14) Old regions: 15->15
[2022-05-15T14:52:08.361+0100][gc,heap       ] GC(14) Humongous regions: 129->129
[2022-05-15T14:52:08.361+0100][gc,metaspace  ] GC(14) Metaspace: 44738K->44738K(1089536K)
[2022-05-15T14:52:08.361+0100][gc            ] GC(14) Pause Young (Normal) (G1 Evacuation Pause) 201M->146M(1024M) 30,154ms
[2022-05-15T14:52:08.361+0100][gc,cpu        ] GC(14) User=0,08s Sys=0,00s Real=0,03s
[2022-05-15T14:52:32.989+0100][gc,start      ] GC(15) Pause Young (Normal) (G1 Evacuation Pause)
[2022-05-15T14:52:32.992+0100][gc,task       ] GC(15) Using 8 workers of 8 for evacuation
[2022-05-15T14:52:33.027+0100][gc,mmu        ] GC(15) MMU target violated: 21,0ms (20,0ms/21,0ms)
[2022-05-15T14:52:33.027+0100][gc,phases     ] GC(15)   Pre Evacuate Collection Set: 0,2ms
[2022-05-15T14:52:33.027+0100][gc,phases     ] GC(15)   Evacuate Collection Set: 10,4ms
[2022-05-15T14:52:33.027+0100][gc,phases     ] GC(15)   Post Evacuate Collection Set: 24,5ms
[2022-05-15T14:52:33.028+0100][gc,phases     ] GC(15)   Other: 3,0ms
[2022-05-15T14:52:33.028+0100][gc,heap       ] GC(15) Eden regions: 58->0(47)
[2022-05-15T14:52:33.028+0100][gc,heap       ] GC(15) Survivor regions: 4->4(8)
[2022-05-15T14:52:33.028+0100][gc,heap       ] GC(15) Old regions: 15->15
[2022-05-15T14:52:33.028+0100][gc,heap       ] GC(15) Humongous regions: 129->129
[2022-05-15T14:52:33.028+0100][gc,metaspace  ] GC(15) Metaspace: 44745K->44745K(1089536K)
[2022-05-15T14:52:33.028+0100][gc            ] GC(15) Pause Young (Normal) (G1 Evacuation Pause) 204M->146M(1024M) 38,137ms
[2022-05-15T14:52:33.028+0100][gc,cpu        ] GC(15) User=0,09s Sys=0,00s Real=0,04s
[2022-05-15T14:53:05.536+0100][gc,start      ] GC(16) Pause Young (Normal) (G1 Evacuation Pause)
[2022-05-15T14:53:05.536+0100][gc,task       ] GC(16) Using 8 workers of 8 for evacuation
[2022-05-15T14:53:05.579+0100][gc,mmu        ] GC(16) MMU target violated: 21,0ms (20,0ms/21,0ms)
[2022-05-15T14:53:05.579+0100][gc,phases     ] GC(16)   Pre Evacuate Collection Set: 0,4ms
[2022-05-15T14:53:05.579+0100][gc,phases     ] GC(16)   Evacuate Collection Set: 26,6ms
[2022-05-15T14:53:05.579+0100][gc,phases     ] GC(16)   Post Evacuate Collection Set: 14,8ms
[2022-05-15T14:53:05.579+0100][gc,phases     ] GC(16)   Other: 1,0ms
[2022-05-15T14:53:05.579+0100][gc,heap       ] GC(16) Eden regions: 47->0(47)
[2022-05-15T14:53:05.579+0100][gc,heap       ] GC(16) Survivor regions: 4->4(7)
[2022-05-15T14:53:05.579+0100][gc,heap       ] GC(16) Old regions: 15->15
[2022-05-15T14:53:05.579+0100][gc,heap       ] GC(16) Humongous regions: 129->129
[2022-05-15T14:53:05.579+0100][gc,metaspace  ] GC(16) Metaspace: 44763K->44763K(1089536K)
[2022-05-15T14:53:05.579+0100][gc            ] GC(16) Pause Young (Normal) (G1 Evacuation Pause) 193M->146M(1024M) 42,622ms
[2022-05-15T14:53:05.579+0100][gc,cpu        ] GC(16) User=0,10s Sys=0,00s Real=0,04s
[2022-05-15T14:53:30.508+0100][gc,start      ] GC(17) Pause Young (Normal) (G1 Evacuation Pause)
[2022-05-15T14:53:30.508+0100][gc,task       ] GC(17) Using 8 workers of 8 for evacuation
[2022-05-15T14:53:30.533+0100][gc,mmu        ] GC(17) MMU target violated: 21,0ms (20,0ms/21,0ms)
[2022-05-15T14:53:30.533+0100][gc,phases     ] GC(17)   Pre Evacuate Collection Set: 0,1ms
[2022-05-15T14:53:30.533+0100][gc,phases     ] GC(17)   Evacuate Collection Set: 8,9ms
[2022-05-15T14:53:30.533+0100][gc,phases     ] GC(17)   Post Evacuate Collection Set: 15,3ms
[2022-05-15T14:53:30.533+0100][gc,phases     ] GC(17)   Other: 0,4ms
[2022-05-15T14:53:30.533+0100][gc,heap       ] GC(17) Eden regions: 47->0(47)
[2022-05-15T14:53:30.533+0100][gc,heap       ] GC(17) Survivor regions: 4->4(7)
[2022-05-15T14:53:30.533+0100][gc,heap       ] GC(17) Old regions: 15->15
[2022-05-15T14:53:30.533+0100][gc,heap       ] GC(17) Humongous regions: 129->129
[2022-05-15T14:53:30.533+0100][gc,metaspace  ] GC(17) Metaspace: 44770K->44770K(1089536K)
[2022-05-15T14:53:30.533+0100][gc            ] GC(17) Pause Young (Normal) (G1 Evacuation Pause) 193M->145M(1024M) 24,840ms
[2022-05-15T14:53:30.533+0100][gc,cpu        ] GC(17) User=0,08s Sys=0,00s Real=0,02s
[2022-05-15T14:53:55.633+0100][gc,start      ] GC(18) Pause Young (Normal) (G1 Evacuation Pause)
[2022-05-15T14:53:55.633+0100][gc,task       ] GC(18) Using 8 workers of 8 for evacuation
[2022-05-15T14:53:55.684+0100][gc,mmu        ] GC(18) MMU target violated: 21,0ms (20,0ms/21,0ms)
[2022-05-15T14:53:55.684+0100][gc,phases     ] GC(18)   Pre Evacuate Collection Set: 0,0ms
[2022-05-15T14:53:55.684+0100][gc,phases     ] GC(18)   Evacuate Collection Set: 26,1ms
[2022-05-15T14:53:55.684+0100][gc,phases     ] GC(18)   Post Evacuate Collection Set: 25,6ms
[2022-05-15T14:53:55.684+0100][gc,phases     ] GC(18)   Other: 0,2ms
[2022-05-15T14:53:55.685+0100][gc,heap       ] GC(18) Eden regions: 47->0(47)
[2022-05-15T14:53:55.685+0100][gc,heap       ] GC(18) Survivor regions: 4->4(7)
[2022-05-15T14:53:55.685+0100][gc,heap       ] GC(18) Old regions: 15->15
[2022-05-15T14:53:55.685+0100][gc,heap       ] GC(18) Humongous regions: 129->129
[2022-05-15T14:53:55.685+0100][gc,metaspace  ] GC(18) Metaspace: 44772K->44772K(1089536K)
[2022-05-15T14:53:55.685+0100][gc            ] GC(18) Pause Young (Normal) (G1 Evacuation Pause) 192M->146M(1024M) 51,955ms
[2022-05-15T14:53:55.685+0100][gc,cpu        ] GC(18) User=0,15s Sys=0,00s Real=0,05s
[2022-05-15T14:54:22.930+0100][gc,start      ] GC(19) Pause Young (Normal) (G1 Evacuation Pause)
[2022-05-15T14:54:22.931+0100][gc,task       ] GC(19) Using 8 workers of 8 for evacuation
[2022-05-15T14:54:22.971+0100][gc,mmu        ] GC(19) MMU target violated: 21,0ms (20,0ms/21,0ms)
[2022-05-15T14:54:22.971+0100][gc,phases     ] GC(19)   Pre Evacuate Collection Set: 0,0ms
[2022-05-15T14:54:22.971+0100][gc,phases     ] GC(19)   Evacuate Collection Set: 30,5ms
[2022-05-15T14:54:22.971+0100][gc,phases     ] GC(19)   Post Evacuate Collection Set: 9,5ms
[2022-05-15T14:54:22.971+0100][gc,phases     ] GC(19)   Other: 0,4ms
[2022-05-15T14:54:22.971+0100][gc,heap       ] GC(19) Eden regions: 47->0(47)
[2022-05-15T14:54:22.971+0100][gc,heap       ] GC(19) Survivor regions: 4->4(7)
[2022-05-15T14:54:22.971+0100][gc,heap       ] GC(19) Old regions: 15->15
[2022-05-15T14:54:22.971+0100][gc,heap       ] GC(19) Humongous regions: 129->129
[2022-05-15T14:54:22.971+0100][gc,metaspace  ] GC(19) Metaspace: 44777K->44777K(1089536K)
[2022-05-15T14:54:22.971+0100][gc            ] GC(19) Pause Young (Normal) (G1 Evacuation Pause) 193M->145M(1024M) 40,370ms
[2022-05-15T14:54:22.971+0100][gc,cpu        ] GC(19) User=0,09s Sys=0,00s Real=0,04s
[2022-05-15T14:54:52.509+0100][gc,start      ] GC(20) Pause Young (Normal) (G1 Evacuation Pause)
[2022-05-15T14:54:52.509+0100][gc,task       ] GC(20) Using 8 workers of 8 for evacuation
[2022-05-15T14:54:52.526+0100][gc,phases     ] GC(20)   Pre Evacuate Collection Set: 0,0ms
[2022-05-15T14:54:52.526+0100][gc,phases     ] GC(20)   Evacuate Collection Set: 6,7ms
[2022-05-15T14:54:52.526+0100][gc,phases     ] GC(20)   Post Evacuate Collection Set: 10,3ms
[2022-05-15T14:54:52.526+0100][gc,phases     ] GC(20)   Other: 0,3ms
[2022-05-15T14:54:52.527+0100][gc,heap       ] GC(20) Eden regions: 47->0(47)
[2022-05-15T14:54:52.527+0100][gc,heap       ] GC(20) Survivor regions: 4->4(7)
[2022-05-15T14:54:52.527+0100][gc,heap       ] GC(20) Old regions: 15->15
[2022-05-15T14:54:52.527+0100][gc,heap       ] GC(20) Humongous regions: 129->129
[2022-05-15T14:54:52.527+0100][gc,metaspace  ] GC(20) Metaspace: 44777K->44777K(1089536K)
[2022-05-15T14:54:52.527+0100][gc            ] GC(20) Pause Young (Normal) (G1 Evacuation Pause) 192M->146M(1024M) 17,521ms
[2022-05-15T14:54:52.527+0100][gc,cpu        ] GC(20) User=0,07s Sys=0,00s Real=0,01s
[2022-05-15T14:55:38.688+0100][gc,start      ] GC(21) Pause Young (Normal) (G1 Evacuation Pause)
[2022-05-15T14:55:38.689+0100][gc,task       ] GC(21) Using 8 workers of 8 for evacuation
[2022-05-15T14:55:38.719+0100][gc,mmu        ] GC(21) MMU target violated: 21,0ms (20,0ms/21,0ms)
[2022-05-15T14:55:38.719+0100][gc,phases     ] GC(21)   Pre Evacuate Collection Set: 0,2ms
[2022-05-15T14:55:38.719+0100][gc,phases     ] GC(21)   Evacuate Collection Set: 24,8ms
[2022-05-15T14:55:38.719+0100][gc,phases     ] GC(21)   Post Evacuate Collection Set: 3,7ms
[2022-05-15T14:55:38.719+0100][gc,phases     ] GC(21)   Other: 1,8ms
[2022-05-15T14:55:38.719+0100][gc,heap       ] GC(21) Eden regions: 47->0(49)
[2022-05-15T14:55:38.719+0100][gc,heap       ] GC(21) Survivor regions: 4->3(7)
[2022-05-15T14:55:38.719+0100][gc,heap       ] GC(21) Old regions: 15->17
[2022-05-15T14:55:38.719+0100][gc,heap       ] GC(21) Humongous regions: 129->129
[2022-05-15T14:55:38.719+0100][gc,metaspace  ] GC(21) Metaspace: 44779K->44779K(1089536K)
[2022-05-15T14:55:38.720+0100][gc            ] GC(21) Pause Young (Normal) (G1 Evacuation Pause) 193M->146M(1024M) 31,243ms
[2022-05-15T14:55:38.720+0100][gc,cpu        ] GC(21) User=0,05s Sys=0,01s Real=0,03s
[2022-05-15T14:56:36.543+0100][gc,start      ] GC(22) Pause Young (Normal) (G1 Evacuation Pause)
[2022-05-15T14:56:36.544+0100][gc,task       ] GC(22) Using 8 workers of 8 for evacuation
[2022-05-15T14:56:36.575+0100][gc,mmu        ] GC(22) MMU target violated: 21,0ms (20,0ms/21,0ms)
[2022-05-15T14:56:36.576+0100][gc,phases     ] GC(22)   Pre Evacuate Collection Set: 0,5ms
[2022-05-15T14:56:36.576+0100][gc,phases     ] GC(22)   Evacuate Collection Set: 13,6ms
[2022-05-15T14:56:36.576+0100][gc,phases     ] GC(22)   Post Evacuate Collection Set: 16,3ms
[2022-05-15T14:56:36.576+0100][gc,phases     ] GC(22)   Other: 2,9ms
[2022-05-15T14:56:36.576+0100][gc,heap       ] GC(22) Eden regions: 49->0(48)
[2022-05-15T14:56:36.576+0100][gc,heap       ] GC(22) Survivor regions: 3->3(7)
[2022-05-15T14:56:36.576+0100][gc,heap       ] GC(22) Old regions: 17->17
[2022-05-15T14:56:36.576+0100][gc,heap       ] GC(22) Humongous regions: 129->129
[2022-05-15T14:56:36.576+0100][gc,metaspace  ] GC(22) Metaspace: 44782K->44782K(1089536K)
[2022-05-15T14:56:36.577+0100][gc            ] GC(22) Pause Young (Normal) (G1 Evacuation Pause) 195M->146M(1024M) 33,903ms
[2022-05-15T14:56:36.577+0100][gc,cpu        ] GC(22) User=0,05s Sys=0,00s Real=0,04s
[2022-05-15T14:57:35.147+0100][gc,start      ] GC(23) Pause Young (Normal) (G1 Evacuation Pause)
[2022-05-15T14:57:35.149+0100][gc,task       ] GC(23) Using 8 workers of 8 for evacuation
[2022-05-15T14:57:35.155+0100][gc,phases     ] GC(23)   Pre Evacuate Collection Set: 0,1ms
[2022-05-15T14:57:35.155+0100][gc,phases     ] GC(23)   Evacuate Collection Set: 4,6ms
[2022-05-15T14:57:35.155+0100][gc,phases     ] GC(23)   Post Evacuate Collection Set: 1,3ms
[2022-05-15T14:57:35.155+0100][gc,phases     ] GC(23)   Other: 1,9ms
[2022-05-15T14:57:35.155+0100][gc,heap       ] GC(23) Eden regions: 48->0(64)
[2022-05-15T14:57:35.155+0100][gc,heap       ] GC(23) Survivor regions: 3->2(7)
[2022-05-15T14:57:35.155+0100][gc,heap       ] GC(23) Old regions: 17->18
[2022-05-15T14:57:35.155+0100][gc,heap       ] GC(23) Humongous regions: 129->129
[2022-05-15T14:57:35.155+0100][gc,metaspace  ] GC(23) Metaspace: 44783K->44783K(1089536K)
[2022-05-15T14:57:35.156+0100][gc            ] GC(23) Pause Young (Normal) (G1 Evacuation Pause) 194M->146M(1024M) 8,188ms
[2022-05-15T14:57:35.156+0100][gc,cpu        ] GC(23) User=0,03s Sys=0,00s Real=0,01s
[2022-05-15T15:01:29.859+0100][gc,start      ] GC(24) Pause Young (Normal) (G1 Evacuation Pause)
[2022-05-15T15:01:29.859+0100][gc,task       ] GC(24) Using 8 workers of 8 for evacuation
[2022-05-15T15:01:29.866+0100][gc,phases     ] GC(24)   Pre Evacuate Collection Set: 0,2ms
[2022-05-15T15:01:29.866+0100][gc,phases     ] GC(24)   Evacuate Collection Set: 5,1ms
[2022-05-15T15:01:29.866+0100][gc,phases     ] GC(24)   Post Evacuate Collection Set: 0,9ms
[2022-05-15T15:01:29.866+0100][gc,phases     ] GC(24)   Other: 0,9ms
[2022-05-15T15:01:29.866+0100][gc,heap       ] GC(24) Eden regions: 64->0(121)
[2022-05-15T15:01:29.866+0100][gc,heap       ] GC(24) Survivor regions: 2->1(9)
[2022-05-15T15:01:29.866+0100][gc,heap       ] GC(24) Old regions: 18->18
[2022-05-15T15:01:29.866+0100][gc,heap       ] GC(24) Humongous regions: 129->129
[2022-05-15T15:01:29.867+0100][gc,metaspace  ] GC(24) Metaspace: 44808K->44808K(1089536K)
[2022-05-15T15:01:29.867+0100][gc            ] GC(24) Pause Young (Normal) (G1 Evacuation Pause) 210M->146M(1024M) 7,679ms
[2022-05-15T15:01:29.867+0100][gc,cpu        ] GC(24) User=0,04s Sys=0,00s Real=0,00s
[2022-05-15T16:31:15.185+0100][gc,start      ] GC(25) Pause Young (Normal) (G1 Evacuation Pause)
[2022-05-15T16:31:15.185+0100][gc,task       ] GC(25) Using 8 workers of 8 for evacuation
[2022-05-15T16:31:15.194+0100][gc,phases     ] GC(25)   Pre Evacuate Collection Set: 0,1ms
[2022-05-15T16:31:15.194+0100][gc,phases     ] GC(25)   Evacuate Collection Set: 3,3ms
[2022-05-15T16:31:15.194+0100][gc,phases     ] GC(25)   Post Evacuate Collection Set: 5,3ms
[2022-05-15T16:31:15.195+0100][gc,phases     ] GC(25)   Other: 0,5ms
[2022-05-15T16:31:15.195+0100][gc,heap       ] GC(25) Eden regions: 121->0(123)
[2022-05-15T16:31:15.195+0100][gc,heap       ] GC(25) Survivor regions: 1->1(16)
[2022-05-15T16:31:15.195+0100][gc,heap       ] GC(25) Old regions: 18->18
[2022-05-15T16:31:15.195+0100][gc,heap       ] GC(25) Humongous regions: 129->129
[2022-05-15T16:31:15.195+0100][gc,metaspace  ] GC(25) Metaspace: 45007K->45007K(1089536K)
[2022-05-15T16:31:15.195+0100][gc            ] GC(25) Pause Young (Normal) (G1 Evacuation Pause) 267M->146M(1024M) 9,499ms
[2022-05-15T16:31:15.195+0100][gc,cpu        ] GC(25) User=0,02s Sys=0,01s Real=0,02s
[2022-05-15T18:07:00.185+0100][gc,start      ] GC(26) Pause Young (Normal) (G1 Evacuation Pause)
[2022-05-15T18:07:00.186+0100][gc,task       ] GC(26) Using 8 workers of 8 for evacuation
[2022-05-15T18:07:00.188+0100][gc,phases     ] GC(26)   Pre Evacuate Collection Set: 0,3ms
[2022-05-15T18:07:00.188+0100][gc,phases     ] GC(26)   Evacuate Collection Set: 1,0ms
[2022-05-15T18:07:00.188+0100][gc,phases     ] GC(26)   Post Evacuate Collection Set: 0,5ms
[2022-05-15T18:07:00.188+0100][gc,phases     ] GC(26)   Other: 1,6ms
[2022-05-15T18:07:00.188+0100][gc,heap       ] GC(26) Eden regions: 123->0(128)
[2022-05-15T18:07:00.188+0100][gc,heap       ] GC(26) Survivor regions: 1->1(16)
[2022-05-15T18:07:00.188+0100][gc,heap       ] GC(26) Old regions: 18->18
[2022-05-15T18:07:00.188+0100][gc,heap       ] GC(26) Humongous regions: 129->129
[2022-05-15T18:07:00.188+0100][gc,metaspace  ] GC(26) Metaspace: 45042K->45042K(1089536K)
[2022-05-15T18:07:00.188+0100][gc            ] GC(26) Pause Young (Normal) (G1 Evacuation Pause) 269M->146M(1024M) 3,074ms
[2022-05-15T18:07:00.188+0100][gc,cpu        ] GC(26) User=0,00s Sys=0,00s Real=0,01s
[2022-05-15T18:20:31.622+0100][gc,start      ] GC(27) Pause Young (Normal) (G1 Evacuation Pause)
[2022-05-15T18:20:31.622+0100][gc,task       ] GC(27) Using 8 workers of 8 for evacuation
[2022-05-15T18:20:31.632+0100][gc,phases     ] GC(27)   Pre Evacuate Collection Set: 0,0ms
[2022-05-15T18:20:31.632+0100][gc,phases     ] GC(27)   Evacuate Collection Set: 8,8ms
[2022-05-15T18:20:31.632+0100][gc,phases     ] GC(27)   Post Evacuate Collection Set: 1,1ms
[2022-05-15T18:20:31.632+0100][gc,phases     ] GC(27)   Other: 0,7ms
[2022-05-15T18:20:31.632+0100][gc,heap       ] GC(27) Eden regions: 128->0(134)
[2022-05-15T18:20:31.632+0100][gc,heap       ] GC(27) Survivor regions: 1->3(17)
[2022-05-15T18:20:31.632+0100][gc,heap       ] GC(27) Old regions: 18->18
[2022-05-15T18:20:31.632+0100][gc,heap       ] GC(27) Humongous regions: 129->129
[2022-05-15T18:20:31.632+0100][gc,metaspace  ] GC(27) Metaspace: 46035K->46035K(1091584K)
[2022-05-15T18:20:31.632+0100][gc            ] GC(27) Pause Young (Normal) (G1 Evacuation Pause) 274M->148M(1024M) 10,732ms
[2022-05-15T18:20:31.632+0100][gc,cpu        ] GC(27) User=0,05s Sys=0,00s Real=0,01s
[2022-05-15T18:21:21.905+0100][gc,start      ] GC(28) Pause Young (Normal) (G1 Evacuation Pause)
[2022-05-15T18:21:21.906+0100][gc,task       ] GC(28) Using 8 workers of 8 for evacuation
[2022-05-15T18:21:21.944+0100][gc,mmu        ] GC(28) MMU target violated: 21,0ms (20,0ms/21,0ms)
[2022-05-15T18:21:21.944+0100][gc,phases     ] GC(28)   Pre Evacuate Collection Set: 3,3ms
[2022-05-15T18:21:21.945+0100][gc,phases     ] GC(28)   Evacuate Collection Set: 17,3ms
[2022-05-15T18:21:21.945+0100][gc,phases     ] GC(28)   Post Evacuate Collection Set: 5,7ms
[2022-05-15T18:21:21.945+0100][gc,phases     ] GC(28)   Other: 13,6ms
[2022-05-15T18:21:21.945+0100][gc,heap       ] GC(28) Eden regions: 134->0(136)
[2022-05-15T18:21:21.945+0100][gc,heap       ] GC(28) Survivor regions: 3->4(18)
[2022-05-15T18:21:21.945+0100][gc,heap       ] GC(28) Old regions: 18->18
[2022-05-15T18:21:21.945+0100][gc,heap       ] GC(28) Humongous regions: 129->129
[2022-05-15T18:21:21.945+0100][gc,metaspace  ] GC(28) Metaspace: 46391K->46391K(1091584K)
[2022-05-15T18:21:21.945+0100][gc            ] GC(28) Pause Young (Normal) (G1 Evacuation Pause) 282M->148M(1024M) 39,895ms
[2022-05-15T18:21:21.945+0100][gc,cpu        ] GC(28) User=0,03s Sys=0,00s Real=0,04s
[2022-05-15T18:22:57.329+0100][gc,start      ] GC(29) Pause Young (Normal) (G1 Evacuation Pause)
[2022-05-15T18:22:57.331+0100][gc,task       ] GC(29) Using 8 workers of 8 for evacuation
[2022-05-15T18:22:57.379+0100][gc,mmu        ] GC(29) MMU target violated: 21,0ms (20,0ms/21,0ms)
[2022-05-15T18:22:57.380+0100][gc,phases     ] GC(29)   Pre Evacuate Collection Set: 6,0ms
[2022-05-15T18:22:57.380+0100][gc,phases     ] GC(29)   Evacuate Collection Set: 27,9ms
[2022-05-15T18:22:57.380+0100][gc,phases     ] GC(29)   Post Evacuate Collection Set: 8,6ms
[2022-05-15T18:22:57.380+0100][gc,phases     ] GC(29)   Other: 8,3ms
[2022-05-15T18:22:57.380+0100][gc,heap       ] GC(29) Eden regions: 136->0(197)
[2022-05-15T18:22:57.380+0100][gc,heap       ] GC(29) Survivor regions: 4->4(18)
[2022-05-15T18:22:57.380+0100][gc,heap       ] GC(29) Old regions: 18->18
[2022-05-15T18:22:57.380+0100][gc,heap       ] GC(29) Humongous regions: 129->129
[2022-05-15T18:22:57.380+0100][gc,metaspace  ] GC(29) Metaspace: 46477K->46477K(1091584K)
[2022-05-15T18:22:57.380+0100][gc            ] GC(29) Pause Young (Normal) (G1 Evacuation Pause) 284M->149M(1024M) 50,837ms
[2022-05-15T18:22:57.380+0100][gc,cpu        ] GC(29) User=0,03s Sys=0,01s Real=0,05s
[2022-05-15T20:01:25.186+0100][gc,start      ] GC(30) Pause Young (Normal) (G1 Evacuation Pause)
[2022-05-15T20:01:25.186+0100][gc,task       ] GC(30) Using 8 workers of 8 for evacuation
[2022-05-15T20:01:25.217+0100][gc,mmu        ] GC(30) MMU target violated: 21,0ms (20,0ms/21,0ms)
[2022-05-15T20:01:25.217+0100][gc,phases     ] GC(30)   Pre Evacuate Collection Set: 8,2ms
[2022-05-15T20:01:25.217+0100][gc,phases     ] GC(30)   Evacuate Collection Set: 17,0ms
[2022-05-15T20:01:25.217+0100][gc,phases     ] GC(30)   Post Evacuate Collection Set: 4,0ms
[2022-05-15T20:01:25.217+0100][gc,phases     ] GC(30)   Other: 3,1ms
[2022-05-15T20:01:25.217+0100][gc,heap       ] GC(30) Eden regions: 196->0(127)
[2022-05-15T20:01:25.217+0100][gc,heap       ] GC(30) Survivor regions: 4->5(25)
[2022-05-15T20:01:25.217+0100][gc,heap       ] GC(30) Old regions: 18->18
[2022-05-15T20:01:25.217+0100][gc,heap       ] GC(30) Humongous regions: 129->129
[2022-05-15T20:01:25.217+0100][gc,metaspace  ] GC(30) Metaspace: 46775K->46775K(1091584K)
[2022-05-15T20:01:25.217+0100][gc            ] GC(30) Pause Young (Normal) (G1 Evacuation Pause) 345M->149M(1024M) 31,562ms
[2022-05-15T20:01:25.217+0100][gc,cpu        ] GC(30) User=0,04s Sys=0,02s Real=0,04s
[2022-05-15T21:04:08.000+0100][gc,start      ] GC(31) Pause Young (Normal) (G1 Evacuation Pause)
[2022-05-15T21:04:08.000+0100][gc,task       ] GC(31) Using 8 workers of 8 for evacuation
[2022-05-15T21:04:08.059+0100][gc,mmu        ] GC(31) MMU target violated: 21,0ms (20,0ms/21,0ms)
[2022-05-15T21:04:08.059+0100][gc,phases     ] GC(31)   Pre Evacuate Collection Set: 2,4ms
[2022-05-15T21:04:08.059+0100][gc,phases     ] GC(31)   Evacuate Collection Set: 24,5ms
[2022-05-15T21:04:08.059+0100][gc,phases     ] GC(31)   Post Evacuate Collection Set: 30,9ms
[2022-05-15T21:04:08.059+0100][gc,phases     ] GC(31)   Other: 1,3ms
[2022-05-15T21:04:08.059+0100][gc,heap       ] GC(31) Eden regions: 127->0(46)
[2022-05-15T21:04:08.059+0100][gc,heap       ] GC(31) Survivor regions: 5->5(17)
[2022-05-15T21:04:08.059+0100][gc,heap       ] GC(31) Old regions: 18->18
[2022-05-15T21:04:08.059+0100][gc,heap       ] GC(31) Humongous regions: 129->129
[2022-05-15T21:04:08.059+0100][gc,metaspace  ] GC(31) Metaspace: 46818K->46818K(1091584K)
[2022-05-15T21:04:08.059+0100][gc            ] GC(31) Pause Young (Normal) (G1 Evacuation Pause) 276M->149M(1024M) 59,137ms
[2022-05-15T21:04:08.059+0100][gc,cpu        ] GC(31) User=0,12s Sys=0,00s Real=0,06s
[2022-05-15T21:04:11.502+0100][gc,start      ] GC(32) Pause Young (Normal) (G1 Evacuation Pause)
[2022-05-15T21:04:11.502+0100][gc,task       ] GC(32) Using 8 workers of 8 for evacuation
[2022-05-15T21:04:11.527+0100][gc,mmu        ] GC(32) MMU target violated: 21,0ms (20,0ms/21,0ms)
[2022-05-15T21:04:11.527+0100][gc,phases     ] GC(32)   Pre Evacuate Collection Set: 0,0ms
[2022-05-15T21:04:11.527+0100][gc,phases     ] GC(32)   Evacuate Collection Set: 20,5ms
[2022-05-15T21:04:11.527+0100][gc,phases     ] GC(32)   Post Evacuate Collection Set: 4,0ms
[2022-05-15T21:04:11.527+0100][gc,phases     ] GC(32)   Other: 0,3ms
[2022-05-15T21:04:11.527+0100][gc,heap       ] GC(32) Eden regions: 46->0(47)
[2022-05-15T21:04:11.527+0100][gc,heap       ] GC(32) Survivor regions: 5->4(7)
[2022-05-15T21:04:11.527+0100][gc,heap       ] GC(32) Old regions: 18->19
[2022-05-15T21:04:11.527+0100][gc,heap       ] GC(32) Humongous regions: 129->129
[2022-05-15T21:04:11.527+0100][gc,metaspace  ] GC(32) Metaspace: 46819K->46819K(1091584K)
[2022-05-15T21:04:11.527+0100][gc            ] GC(32) Pause Young (Normal) (G1 Evacuation Pause) 195M->149M(1024M) 24,972ms
[2022-05-15T21:04:11.527+0100][gc,cpu        ] GC(32) User=0,05s Sys=0,00s Real=0,03s
[2022-05-15T21:04:15.078+0100][gc,start      ] GC(33) Pause Young (Normal) (G1 Evacuation Pause)
[2022-05-15T21:04:15.078+0100][gc,task       ] GC(33) Using 8 workers of 8 for evacuation
[2022-05-15T21:04:15.134+0100][gc,mmu        ] GC(33) MMU target violated: 21,0ms (20,0ms/21,0ms)
[2022-05-15T21:04:15.134+0100][gc,phases     ] GC(33)   Pre Evacuate Collection Set: 0,1ms
[2022-05-15T21:04:15.134+0100][gc,phases     ] GC(33)   Evacuate Collection Set: 28,3ms
[2022-05-15T21:04:15.134+0100][gc,phases     ] GC(33)   Post Evacuate Collection Set: 26,8ms
[2022-05-15T21:04:15.134+0100][gc,phases     ] GC(33)   Other: 0,5ms
[2022-05-15T21:04:15.134+0100][gc,heap       ] GC(33) Eden regions: 47->0(47)
[2022-05-15T21:04:15.134+0100][gc,heap       ] GC(33) Survivor regions: 4->4(7)
[2022-05-15T21:04:15.134+0100][gc,heap       ] GC(33) Old regions: 19->19
[2022-05-15T21:04:15.134+0100][gc,heap       ] GC(33) Humongous regions: 129->129
[2022-05-15T21:04:15.134+0100][gc,metaspace  ] GC(33) Metaspace: 46820K->46820K(1091584K)
[2022-05-15T21:04:15.134+0100][gc            ] GC(33) Pause Young (Normal) (G1 Evacuation Pause) 196M->150M(1024M) 55,803ms
[2022-05-15T21:04:15.134+0100][gc,cpu        ] GC(33) User=0,09s Sys=0,00s Real=0,05s
[2022-05-15T21:04:19.778+0100][gc,start      ] GC(34) Pause Young (Normal) (G1 Evacuation Pause)
[2022-05-15T21:04:19.778+0100][gc,task       ] GC(34) Using 8 workers of 8 for evacuation
[2022-05-15T21:04:19.805+0100][gc,mmu        ] GC(34) MMU target violated: 21,0ms (20,0ms/21,0ms)
[2022-05-15T21:04:19.805+0100][gc,phases     ] GC(34)   Pre Evacuate Collection Set: 0,2ms
[2022-05-15T21:04:19.805+0100][gc,phases     ] GC(34)   Evacuate Collection Set: 21,2ms
[2022-05-15T21:04:19.805+0100][gc,phases     ] GC(34)   Post Evacuate Collection Set: 4,7ms
[2022-05-15T21:04:19.805+0100][gc,phases     ] GC(34)   Other: 3,1ms
[2022-05-15T21:04:19.805+0100][gc,heap       ] GC(34) Eden regions: 47->0(47)
[2022-05-15T21:04:19.805+0100][gc,heap       ] GC(34) Survivor regions: 4->4(7)
[2022-05-15T21:04:19.805+0100][gc,heap       ] GC(34) Old regions: 19->19
[2022-05-15T21:04:19.805+0100][gc,heap       ] GC(34) Humongous regions: 129->129
[2022-05-15T21:04:19.805+0100][gc,metaspace  ] GC(34) Metaspace: 46823K->46823K(1091584K)
[2022-05-15T21:04:19.805+0100][gc            ] GC(34) Pause Young (Normal) (G1 Evacuation Pause) 197M->149M(1024M) 26,915ms
[2022-05-15T21:04:19.805+0100][gc,cpu        ] GC(34) User=0,06s Sys=0,00s Real=0,02s
[2022-05-15T21:04:26.046+0100][gc,start      ] GC(35) Pause Young (Normal) (G1 Evacuation Pause)
[2022-05-15T21:04:26.047+0100][gc,task       ] GC(35) Using 8 workers of 8 for evacuation
[2022-05-15T21:04:26.087+0100][gc,mmu        ] GC(35) MMU target violated: 21,0ms (20,0ms/21,0ms)
[2022-05-15T21:04:26.087+0100][gc,phases     ] GC(35)   Pre Evacuate Collection Set: 0,1ms
[2022-05-15T21:04:26.087+0100][gc,phases     ] GC(35)   Evacuate Collection Set: 31,4ms
[2022-05-15T21:04:26.087+0100][gc,phases     ] GC(35)   Post Evacuate Collection Set: 8,5ms
[2022-05-15T21:04:26.087+0100][gc,phases     ] GC(35)   Other: 1,0ms
[2022-05-15T21:04:26.087+0100][gc,heap       ] GC(35) Eden regions: 47->0(47)
[2022-05-15T21:04:26.087+0100][gc,heap       ] GC(35) Survivor regions: 4->4(7)
[2022-05-15T21:04:26.087+0100][gc,heap       ] GC(35) Old regions: 19->19
[2022-05-15T21:04:26.087+0100][gc,heap       ] GC(35) Humongous regions: 129->129
[2022-05-15T21:04:26.087+0100][gc,metaspace  ] GC(35) Metaspace: 46824K->46824K(1091584K)
[2022-05-15T21:04:26.087+0100][gc            ] GC(35) Pause Young (Normal) (G1 Evacuation Pause) 196M->149M(1024M) 41,044ms
[2022-05-15T21:04:26.087+0100][gc,cpu        ] GC(35) User=0,08s Sys=0,00s Real=0,05s
[2022-05-15T21:04:34.176+0100][gc,start      ] GC(36) Pause Young (Normal) (G1 Evacuation Pause)
[2022-05-15T21:04:34.176+0100][gc,task       ] GC(36) Using 8 workers of 8 for evacuation
[2022-05-15T21:04:34.214+0100][gc,mmu        ] GC(36) MMU target violated: 21,0ms (20,0ms/21,0ms)
[2022-05-15T21:04:34.214+0100][gc,phases     ] GC(36)   Pre Evacuate Collection Set: 0,1ms
[2022-05-15T21:04:34.214+0100][gc,phases     ] GC(36)   Evacuate Collection Set: 35,3ms
[2022-05-15T21:04:34.214+0100][gc,phases     ] GC(36)   Post Evacuate Collection Set: 2,6ms
[2022-05-15T21:04:34.214+0100][gc,phases     ] GC(36)   Other: 0,6ms
[2022-05-15T21:04:34.214+0100][gc,heap       ] GC(36) Eden regions: 47->0(47)
[2022-05-15T21:04:34.214+0100][gc,heap       ] GC(36) Survivor regions: 4->4(7)
[2022-05-15T21:04:34.214+0100][gc,heap       ] GC(36) Old regions: 19->19
[2022-05-15T21:04:34.214+0100][gc,heap       ] GC(36) Humongous regions: 129->129
[2022-05-15T21:04:34.214+0100][gc,metaspace  ] GC(36) Metaspace: 46824K->46824K(1091584K)
[2022-05-15T21:04:34.214+0100][gc            ] GC(36) Pause Young (Normal) (G1 Evacuation Pause) 196M->149M(1024M) 38,550ms
[2022-05-15T21:04:34.214+0100][gc,cpu        ] GC(36) User=0,09s Sys=0,00s Real=0,03s
[2022-05-15T21:04:44.199+0100][gc,start      ] GC(37) Pause Young (Normal) (G1 Evacuation Pause)
[2022-05-15T21:04:44.199+0100][gc,task       ] GC(37) Using 8 workers of 8 for evacuation
[2022-05-15T21:04:44.244+0100][gc,mmu        ] GC(37) MMU target violated: 21,0ms (20,0ms/21,0ms)
[2022-05-15T21:04:44.244+0100][gc,phases     ] GC(37)   Pre Evacuate Collection Set: 0,1ms
[2022-05-15T21:04:44.244+0100][gc,phases     ] GC(37)   Evacuate Collection Set: 26,0ms
[2022-05-15T21:04:44.244+0100][gc,phases     ] GC(37)   Post Evacuate Collection Set: 18,2ms
[2022-05-15T21:04:44.244+0100][gc,phases     ] GC(37)   Other: 0,6ms
[2022-05-15T21:04:44.244+0100][gc,heap       ] GC(37) Eden regions: 47->0(47)
[2022-05-15T21:04:44.244+0100][gc,heap       ] GC(37) Survivor regions: 4->4(7)
[2022-05-15T21:04:44.244+0100][gc,heap       ] GC(37) Old regions: 19->19
[2022-05-15T21:04:44.244+0100][gc,heap       ] GC(37) Humongous regions: 129->129
[2022-05-15T21:04:44.244+0100][gc,metaspace  ] GC(37) Metaspace: 46827K->46827K(1091584K)
[2022-05-15T21:04:44.244+0100][gc            ] GC(37) Pause Young (Normal) (G1 Evacuation Pause) 196M->149M(1024M) 44,945ms
[2022-05-15T21:04:44.244+0100][gc,cpu        ] GC(37) User=0,08s Sys=0,00s Real=0,04s
[2022-05-15T21:04:55.391+0100][gc,start      ] GC(38) Pause Young (Normal) (G1 Evacuation Pause)
[2022-05-15T21:04:55.394+0100][gc,task       ] GC(38) Using 8 workers of 8 for evacuation
[2022-05-15T21:04:55.450+0100][gc,mmu        ] GC(38) MMU target violated: 21,0ms (20,0ms/21,0ms)
[2022-05-15T21:04:55.451+0100][gc,phases     ] GC(38)   Pre Evacuate Collection Set: 0,0ms
[2022-05-15T21:04:55.451+0100][gc,phases     ] GC(38)   Evacuate Collection Set: 22,4ms
[2022-05-15T21:04:55.451+0100][gc,phases     ] GC(38)   Post Evacuate Collection Set: 33,8ms
[2022-05-15T21:04:55.451+0100][gc,phases     ] GC(38)   Other: 4,3ms
[2022-05-15T21:04:55.451+0100][gc,heap       ] GC(38) Eden regions: 47->0(47)
[2022-05-15T21:04:55.451+0100][gc,heap       ] GC(38) Survivor regions: 4->4(7)
[2022-05-15T21:04:55.451+0100][gc,heap       ] GC(38) Old regions: 19->19
[2022-05-15T21:04:55.451+0100][gc,heap       ] GC(38) Humongous regions: 129->129
[2022-05-15T21:04:55.451+0100][gc,metaspace  ] GC(38) Metaspace: 46827K->46827K(1091584K)
[2022-05-15T21:04:55.451+0100][gc            ] GC(38) Pause Young (Normal) (G1 Evacuation Pause) 196M->149M(1024M) 61,190ms
[2022-05-15T21:04:55.452+0100][gc,cpu        ] GC(38) User=0,12s Sys=0,00s Real=0,06s
[2022-05-15T21:05:21.638+0100][gc,start      ] GC(39) Pause Young (Normal) (G1 Evacuation Pause)
[2022-05-15T21:05:21.641+0100][gc,task       ] GC(39) Using 8 workers of 8 for evacuation
[2022-05-15T21:05:21.711+0100][gc,mmu        ] GC(39) MMU target violated: 21,0ms (20,0ms/21,0ms)
[2022-05-15T21:05:21.712+0100][gc,phases     ] GC(39)   Pre Evacuate Collection Set: 0,3ms
[2022-05-15T21:05:21.712+0100][gc,phases     ] GC(39)   Evacuate Collection Set: 38,2ms
[2022-05-15T21:05:21.712+0100][gc,phases     ] GC(39)   Post Evacuate Collection Set: 30,6ms
[2022-05-15T21:05:21.712+0100][gc,phases     ] GC(39)   Other: 4,2ms
[2022-05-15T21:05:21.712+0100][gc,heap       ] GC(39) Eden regions: 47->0(47)
[2022-05-15T21:05:21.712+0100][gc,heap       ] GC(39) Survivor regions: 4->4(7)
[2022-05-15T21:05:21.712+0100][gc,heap       ] GC(39) Old regions: 19->19
[2022-05-15T21:05:21.712+0100][gc,heap       ] GC(39) Humongous regions: 129->129
[2022-05-15T21:05:21.712+0100][gc,metaspace  ] GC(39) Metaspace: 46827K->46827K(1091584K)
[2022-05-15T21:05:21.712+0100][gc            ] GC(39) Pause Young (Normal) (G1 Evacuation Pause) 196M->150M(1024M) 73,520ms
[2022-05-15T21:05:21.712+0100][gc,cpu        ] GC(39) User=0,06s Sys=0,00s Real=0,07s
[2022-05-15T21:05:47.868+0100][gc,start      ] GC(40) Pause Young (Normal) (G1 Evacuation Pause)
[2022-05-15T21:05:47.870+0100][gc,task       ] GC(40) Using 8 workers of 8 for evacuation
[2022-05-15T21:05:47.923+0100][gc,mmu        ] GC(40) MMU target violated: 21,0ms (20,0ms/21,0ms)
[2022-05-15T21:05:47.923+0100][gc,phases     ] GC(40)   Pre Evacuate Collection Set: 0,6ms
[2022-05-15T21:05:47.923+0100][gc,phases     ] GC(40)   Evacuate Collection Set: 31,6ms
[2022-05-15T21:05:47.923+0100][gc,phases     ] GC(40)   Post Evacuate Collection Set: 18,4ms
[2022-05-15T21:05:47.923+0100][gc,phases     ] GC(40)   Other: 5,3ms
[2022-05-15T21:05:47.924+0100][gc,heap       ] GC(40) Eden regions: 47->0(47)
[2022-05-15T21:05:47.924+0100][gc,heap       ] GC(40) Survivor regions: 4->4(7)
[2022-05-15T21:05:47.924+0100][gc,heap       ] GC(40) Old regions: 19->19
[2022-05-15T21:05:47.924+0100][gc,heap       ] GC(40) Humongous regions: 129->129
[2022-05-15T21:05:47.924+0100][gc,metaspace  ] GC(40) Metaspace: 46827K->46827K(1091584K)
[2022-05-15T21:05:47.924+0100][gc            ] GC(40) Pause Young (Normal) (G1 Evacuation Pause) 197M->149M(1024M) 55,772ms
[2022-05-15T21:05:47.924+0100][gc,cpu        ] GC(40) User=0,10s Sys=0,00s Real=0,05s
[2022-05-15T21:06:17.430+0100][gc,start      ] GC(41) Pause Young (Normal) (G1 Evacuation Pause)
[2022-05-15T21:06:17.433+0100][gc,task       ] GC(41) Using 8 workers of 8 for evacuation
[2022-05-15T21:06:17.485+0100][gc,mmu        ] GC(41) MMU target violated: 21,0ms (20,0ms/21,0ms)
[2022-05-15T21:06:17.486+0100][gc,phases     ] GC(41)   Pre Evacuate Collection Set: 0,7ms
[2022-05-15T21:06:17.486+0100][gc,phases     ] GC(41)   Evacuate Collection Set: 42,8ms
[2022-05-15T21:06:17.486+0100][gc,phases     ] GC(41)   Post Evacuate Collection Set: 8,2ms
[2022-05-15T21:06:17.486+0100][gc,phases     ] GC(41)   Other: 3,2ms
[2022-05-15T21:06:17.486+0100][gc,heap       ] GC(41) Eden regions: 47->0(47)
[2022-05-15T21:06:17.486+0100][gc,heap       ] GC(41) Survivor regions: 4->4(7)
[2022-05-15T21:06:17.486+0100][gc,heap       ] GC(41) Old regions: 19->19
[2022-05-15T21:06:17.486+0100][gc,heap       ] GC(41) Humongous regions: 129->129
[2022-05-15T21:06:17.486+0100][gc,metaspace  ] GC(41) Metaspace: 46827K->46827K(1091584K)
[2022-05-15T21:06:17.486+0100][gc            ] GC(41) Pause Young (Normal) (G1 Evacuation Pause) 196M->149M(1024M) 55,989ms
[2022-05-15T21:06:17.486+0100][gc,cpu        ] GC(41) User=0,06s Sys=0,00s Real=0,05s
[2022-05-15T21:07:43.361+0100][gc,start      ] GC(42) Pause Young (Normal) (G1 Evacuation Pause)
[2022-05-15T21:07:43.362+0100][gc,task       ] GC(42) Using 8 workers of 8 for evacuation
[2022-05-15T21:07:43.499+0100][gc,mmu        ] GC(42) MMU target violated: 21,0ms (20,0ms/21,0ms)
[2022-05-15T21:07:43.503+0100][gc,phases     ] GC(42)   Pre Evacuate Collection Set: 11,5ms
[2022-05-15T21:07:43.503+0100][gc,phases     ] GC(42)   Evacuate Collection Set: 88,6ms
[2022-05-15T21:07:43.503+0100][gc,phases     ] GC(42)   Post Evacuate Collection Set: 25,8ms
[2022-05-15T21:07:43.504+0100][gc,phases     ] GC(42)   Other: 17,0ms
[2022-05-15T21:07:43.504+0100][gc,heap       ] GC(42) Eden regions: 47->0(47)
[2022-05-15T21:07:43.504+0100][gc,heap       ] GC(42) Survivor regions: 4->4(7)
[2022-05-15T21:07:43.504+0100][gc,heap       ] GC(42) Old regions: 19->19
[2022-05-15T21:07:43.504+0100][gc,heap       ] GC(42) Humongous regions: 129->129
[2022-05-15T21:07:43.505+0100][gc,metaspace  ] GC(42) Metaspace: 46877K->46877K(1091584K)
[2022-05-15T21:07:43.506+0100][gc            ] GC(42) Pause Young (Normal) (G1 Evacuation Pause) 196M->150M(1024M) 144,954ms
[2022-05-15T21:07:43.506+0100][gc,cpu        ] GC(42) User=0,00s Sys=0,21s Real=0,14s
[2022-05-15T21:11:03.074+0100][gc,start      ] GC(43) Pause Young (Normal) (G1 Evacuation Pause)
[2022-05-15T21:11:03.075+0100][gc,task       ] GC(43) Using 8 workers of 8 for evacuation
[2022-05-15T21:11:03.096+0100][gc,mmu        ] GC(43) MMU target violated: 20,9ms (20,0ms/21,0ms)
[2022-05-15T21:11:03.096+0100][gc,phases     ] GC(43)   Pre Evacuate Collection Set: 0,9ms
[2022-05-15T21:11:03.096+0100][gc,phases     ] GC(43)   Evacuate Collection Set: 11,7ms
[2022-05-15T21:11:03.096+0100][gc,phases     ] GC(43)   Post Evacuate Collection Set: 7,7ms
[2022-05-15T21:11:03.096+0100][gc,phases     ] GC(43)   Other: 2,1ms
[2022-05-15T21:11:03.096+0100][gc,heap       ] GC(43) Eden regions: 47->0(47)
[2022-05-15T21:11:03.096+0100][gc,heap       ] GC(43) Survivor regions: 4->4(7)
[2022-05-15T21:11:03.096+0100][gc,heap       ] GC(43) Old regions: 19->19
[2022-05-15T21:11:03.096+0100][gc,heap       ] GC(43) Humongous regions: 129->129
[2022-05-15T21:11:03.096+0100][gc,metaspace  ] GC(43) Metaspace: 46887K->46887K(1091584K)
[2022-05-15T21:11:03.097+0100][gc            ] GC(43) Pause Young (Normal) (G1 Evacuation Pause) 197M->150M(1024M) 22,430ms
[2022-05-15T21:11:03.097+0100][gc,cpu        ] GC(43) User=0,00s Sys=0,09s Real=0,03s
[2022-05-15T21:26:25.185+0100][gc,start      ] GC(44) Pause Young (Normal) (G1 Evacuation Pause)
[2022-05-15T21:26:25.185+0100][gc,task       ] GC(44) Using 8 workers of 8 for evacuation
[2022-05-15T21:26:25.216+0100][gc,mmu        ] GC(44) MMU target violated: 21,0ms (20,0ms/21,0ms)
[2022-05-15T21:26:25.216+0100][gc,phases     ] GC(44)   Pre Evacuate Collection Set: 0,1ms
[2022-05-15T21:26:25.216+0100][gc,phases     ] GC(44)   Evacuate Collection Set: 23,3ms
[2022-05-15T21:26:25.216+0100][gc,phases     ] GC(44)   Post Evacuate Collection Set: 7,2ms
[2022-05-15T21:26:25.216+0100][gc,phases     ] GC(44)   Other: 0,7ms
[2022-05-15T21:26:25.216+0100][gc,heap       ] GC(44) Eden regions: 47->0(47)
[2022-05-15T21:26:25.216+0100][gc,heap       ] GC(44) Survivor regions: 4->4(7)
[2022-05-15T21:26:25.216+0100][gc,heap       ] GC(44) Old regions: 19->19
[2022-05-15T21:26:25.216+0100][gc,heap       ] GC(44) Humongous regions: 129->129
[2022-05-15T21:26:25.216+0100][gc,metaspace  ] GC(44) Metaspace: 46894K->46894K(1091584K)
[2022-05-15T21:26:25.216+0100][gc            ] GC(44) Pause Young (Normal) (G1 Evacuation Pause) 197M->150M(1024M) 31,242ms
[2022-05-15T21:26:25.216+0100][gc,cpu        ] GC(44) User=0,07s Sys=0,00s Real=0,04s
[2022-05-15T22:01:20.185+0100][gc,start      ] GC(45) Pause Young (Normal) (G1 Evacuation Pause)
[2022-05-15T22:01:20.185+0100][gc,task       ] GC(45) Using 8 workers of 8 for evacuation
[2022-05-15T22:01:20.204+0100][gc,phases     ] GC(45)   Pre Evacuate Collection Set: 0,1ms
[2022-05-15T22:01:20.204+0100][gc,phases     ] GC(45)   Evacuate Collection Set: 17,1ms
[2022-05-15T22:01:20.204+0100][gc,phases     ] GC(45)   Post Evacuate Collection Set: 1,2ms
[2022-05-15T22:01:20.204+0100][gc,phases     ] GC(45)   Other: 0,7ms
[2022-05-15T22:01:20.204+0100][gc,heap       ] GC(45) Eden regions: 47->0(47)
[2022-05-15T22:01:20.204+0100][gc,heap       ] GC(45) Survivor regions: 4->4(7)
[2022-05-15T22:01:20.204+0100][gc,heap       ] GC(45) Old regions: 19->20
[2022-05-15T22:01:20.204+0100][gc,heap       ] GC(45) Humongous regions: 129->129
[2022-05-15T22:01:20.204+0100][gc,metaspace  ] GC(45) Metaspace: 46894K->46894K(1091584K)
[2022-05-15T22:01:20.204+0100][gc            ] GC(45) Pause Young (Normal) (G1 Evacuation Pause) 197M->150M(1024M) 19,365ms
[2022-05-15T22:01:20.204+0100][gc,cpu        ] GC(45) User=0,09s Sys=0,01s Real=0,02s
[2022-05-15T22:30:05.300+0100][gc,heap,exit  ] Heap
[2022-05-15T22:30:05.300+0100][gc,heap,exit  ]  garbage-first heap   total 1048576K, used 194611K [0x00000000c0000000, 0x0000000100000000)
[2022-05-15T22:30:05.300+0100][gc,heap,exit  ]   region size 1024K, 46 young (47104K), 4 survivors (4096K)
[2022-05-15T22:30:05.300+0100][gc,heap,exit  ]  Metaspace       used 47005K, capacity 50309K, committed 50556K, reserved 1091584K
[2022-05-15T22:30:05.300+0100][gc,heap,exit  ]   class space    used 6195K, capacity 7767K, committed 7808K, reserved 1048576K
