[2022-05-15T23:23:37.500+0100][gc,heap] Heap region size: 1M
[2022-05-15T23:23:37.522+0100][gc     ] Using G1
[2022-05-15T23:23:37.522+0100][gc,heap,coops] Heap address: 0x00000000c0000000, size: 1024 MB, Compressed Oops mode: 32-bit
[2022-05-15T23:23:37.523+0100][gc,cds       ] Mark closed archive regions in map: [0x00000000fff00000, 0x00000000fff6aff8]
[2022-05-15T23:23:37.523+0100][gc,cds       ] Mark open archive regions in map: [0x00000000ffe00000, 0x00000000ffe46ff8]
[2022-05-15T23:23:38.193+0100][gc,start     ] GC(0) Pause Young (Normal) (G1 Evacuation Pause)
[2022-05-15T23:23:38.194+0100][gc,task      ] GC(0) Using 8 workers of 8 for evacuation
[2022-05-15T23:23:38.203+0100][gc,phases    ] GC(0)   Pre Evacuate Collection Set: 0,1ms
[2022-05-15T23:23:38.203+0100][gc,phases    ] GC(0)   Evacuate Collection Set: 8,1ms
[2022-05-15T23:23:38.203+0100][gc,phases    ] GC(0)   Post Evacuate Collection Set: 0,4ms
[2022-05-15T23:23:38.203+0100][gc,phases    ] GC(0)   Other: 0,9ms
[2022-05-15T23:23:38.203+0100][gc,heap      ] GC(0) Eden regions: 51->0(44)
[2022-05-15T23:23:38.203+0100][gc,heap      ] GC(0) Survivor regions: 0->7(7)
[2022-05-15T23:23:38.203+0100][gc,heap      ] GC(0) Old regions: 2->2
[2022-05-15T23:23:38.203+0100][gc,heap      ] GC(0) Humongous regions: 0->0
[2022-05-15T23:23:38.203+0100][gc,metaspace ] GC(0) Metaspace: 14898K->14898K(1062912K)
[2022-05-15T23:23:38.203+0100][gc           ] GC(0) Pause Young (Normal) (G1 Evacuation Pause) 51M->7M(1024M) 9,587ms
[2022-05-15T23:23:38.203+0100][gc,cpu       ] GC(0) User=0,06s Sys=0,01s Real=0,01s
[2022-05-15T23:23:38.472+0100][gc,start     ] GC(1) Pause Young (Concurrent Start) (Metadata GC Threshold)
[2022-05-15T23:23:38.472+0100][gc,task      ] GC(1) Using 8 workers of 8 for evacuation
[2022-05-15T23:23:38.480+0100][gc,phases    ] GC(1)   Pre Evacuate Collection Set: 0,0ms
[2022-05-15T23:23:38.480+0100][gc,phases    ] GC(1)   Evacuate Collection Set: 7,4ms
[2022-05-15T23:23:38.480+0100][gc,phases    ] GC(1)   Post Evacuate Collection Set: 0,4ms
[2022-05-15T23:23:38.480+0100][gc,phases    ] GC(1)   Other: 0,2ms
[2022-05-15T23:23:38.480+0100][gc,heap      ] GC(1) Eden regions: 23->0(49)
[2022-05-15T23:23:38.480+0100][gc,heap      ] GC(1) Survivor regions: 7->2(7)
[2022-05-15T23:23:38.480+0100][gc,heap      ] GC(1) Old regions: 2->9
[2022-05-15T23:23:38.480+0100][gc,heap      ] GC(1) Humongous regions: 0->0
[2022-05-15T23:23:38.480+0100][gc,metaspace ] GC(1) Metaspace: 20486K->20486K(1067008K)
[2022-05-15T23:23:38.480+0100][gc           ] GC(1) Pause Young (Concurrent Start) (Metadata GC Threshold) 30M->8M(1024M) 8,040ms
[2022-05-15T23:23:38.480+0100][gc,cpu       ] GC(1) User=0,05s Sys=0,00s Real=0,01s
[2022-05-15T23:23:38.480+0100][gc           ] GC(2) Concurrent Cycle
[2022-05-15T23:23:38.480+0100][gc,marking   ] GC(2) Concurrent Clear Claimed Marks
[2022-05-15T23:23:38.480+0100][gc,marking   ] GC(2) Concurrent Clear Claimed Marks 0,023ms
[2022-05-15T23:23:38.480+0100][gc,marking   ] GC(2) Concurrent Scan Root Regions
[2022-05-15T23:23:38.481+0100][gc,marking   ] GC(2) Concurrent Scan Root Regions 0,990ms
[2022-05-15T23:23:38.481+0100][gc,marking   ] GC(2) Concurrent Mark (0,991s)
[2022-05-15T23:23:38.481+0100][gc,marking   ] GC(2) Concurrent Mark From Roots
[2022-05-15T23:23:38.481+0100][gc,task      ] GC(2) Using 2 workers of 2 for marking
[2022-05-15T23:23:38.486+0100][gc,marking   ] GC(2) Concurrent Mark From Roots 5,037ms
[2022-05-15T23:23:38.486+0100][gc,marking   ] GC(2) Concurrent Preclean
[2022-05-15T23:23:38.486+0100][gc,marking   ] GC(2) Concurrent Preclean 0,095ms
[2022-05-15T23:23:38.486+0100][gc,marking   ] GC(2) Concurrent Mark (0,991s, 0,996s) 5,177ms
[2022-05-15T23:23:38.486+0100][gc,start     ] GC(2) Pause Remark
[2022-05-15T23:23:38.488+0100][gc,stringtable] GC(2) Cleaned string and symbol table, strings: 5218 processed, 0 removed, symbols: 50555 processed, 40 removed
[2022-05-15T23:23:38.488+0100][gc            ] GC(2) Pause Remark 8M->8M(1024M) 2,160ms
[2022-05-15T23:23:38.488+0100][gc,cpu        ] GC(2) User=0,01s Sys=0,00s Real=0,01s
[2022-05-15T23:23:38.488+0100][gc,marking    ] GC(2) Concurrent Rebuild Remembered Sets
[2022-05-15T23:23:38.491+0100][gc,marking    ] GC(2) Concurrent Rebuild Remembered Sets 2,655ms
[2022-05-15T23:23:38.491+0100][gc,start      ] GC(2) Pause Cleanup
[2022-05-15T23:23:38.492+0100][gc            ] GC(2) Pause Cleanup 9M->9M(1024M) 0,269ms
[2022-05-15T23:23:38.492+0100][gc,cpu        ] GC(2) User=0,00s Sys=0,00s Real=0,00s
[2022-05-15T23:23:38.492+0100][gc,marking    ] GC(2) Concurrent Cleanup for Next Mark
[2022-05-15T23:23:38.495+0100][gc,marking    ] GC(2) Concurrent Cleanup for Next Mark 3,896ms
[2022-05-15T23:23:38.496+0100][gc            ] GC(2) Concurrent Cycle 15,675ms
[2022-05-15T23:23:39.184+0100][gc,start      ] GC(3) Pause Young (Normal) (G1 Evacuation Pause)
[2022-05-15T23:23:39.184+0100][gc,task       ] GC(3) Using 8 workers of 8 for evacuation
[2022-05-15T23:23:39.189+0100][gc,phases     ] GC(3)   Pre Evacuate Collection Set: 0,0ms
[2022-05-15T23:23:39.189+0100][gc,phases     ] GC(3)   Evacuate Collection Set: 3,4ms
[2022-05-15T23:23:39.189+0100][gc,phases     ] GC(3)   Post Evacuate Collection Set: 0,6ms
[2022-05-15T23:23:39.189+0100][gc,phases     ] GC(3)   Other: 0,2ms
[2022-05-15T23:23:39.189+0100][gc,heap       ] GC(3) Eden regions: 49->0(47)
[2022-05-15T23:23:39.189+0100][gc,heap       ] GC(3) Survivor regions: 2->4(7)
[2022-05-15T23:23:39.189+0100][gc,heap       ] GC(3) Old regions: 9->9
[2022-05-15T23:23:39.189+0100][gc,heap       ] GC(3) Humongous regions: 129->129
[2022-05-15T23:23:39.189+0100][gc,metaspace  ] GC(3) Metaspace: 28913K->28913K(1075200K)
[2022-05-15T23:23:39.189+0100][gc            ] GC(3) Pause Young (Normal) (G1 Evacuation Pause) 186M->139M(1024M) 4,213ms
[2022-05-15T23:23:39.189+0100][gc,cpu        ] GC(3) User=0,02s Sys=0,00s Real=0,01s
[2022-05-15T23:23:39.515+0100][gc,start      ] GC(4) Pause Young (Concurrent Start) (Metadata GC Threshold)
[2022-05-15T23:23:39.515+0100][gc,task       ] GC(4) Using 8 workers of 8 for evacuation
[2022-05-15T23:23:39.523+0100][gc,phases     ] GC(4)   Pre Evacuate Collection Set: 0,2ms
[2022-05-15T23:23:39.523+0100][gc,phases     ] GC(4)   Evacuate Collection Set: 6,2ms
[2022-05-15T23:23:39.523+0100][gc,phases     ] GC(4)   Post Evacuate Collection Set: 0,4ms
[2022-05-15T23:23:39.523+0100][gc,phases     ] GC(4)   Other: 0,6ms
[2022-05-15T23:23:39.523+0100][gc,heap       ] GC(4) Eden regions: 35->0(44)
[2022-05-15T23:23:39.523+0100][gc,heap       ] GC(4) Survivor regions: 4->7(7)
[2022-05-15T23:23:39.523+0100][gc,heap       ] GC(4) Old regions: 9->9
[2022-05-15T23:23:39.523+0100][gc,heap       ] GC(4) Humongous regions: 129->129
[2022-05-15T23:23:39.523+0100][gc,metaspace  ] GC(4) Metaspace: 34555K->34555K(1081344K)
[2022-05-15T23:23:39.523+0100][gc            ] GC(4) Pause Young (Concurrent Start) (Metadata GC Threshold) 174M->142M(1024M) 7,447ms
[2022-05-15T23:23:39.523+0100][gc,cpu        ] GC(4) User=0,05s Sys=0,00s Real=0,00s
[2022-05-15T23:23:39.523+0100][gc            ] GC(5) Concurrent Cycle
[2022-05-15T23:23:39.523+0100][gc,marking    ] GC(5) Concurrent Clear Claimed Marks
[2022-05-15T23:23:39.523+0100][gc,marking    ] GC(5) Concurrent Clear Claimed Marks 0,080ms
[2022-05-15T23:23:39.523+0100][gc,marking    ] GC(5) Concurrent Scan Root Regions
[2022-05-15T23:23:39.526+0100][gc,marking    ] GC(5) Concurrent Scan Root Regions 3,452ms
[2022-05-15T23:23:39.526+0100][gc,marking    ] GC(5) Concurrent Mark (2,037s)
[2022-05-15T23:23:39.526+0100][gc,marking    ] GC(5) Concurrent Mark From Roots
[2022-05-15T23:23:39.526+0100][gc,task       ] GC(5) Using 2 workers of 2 for marking
[2022-05-15T23:23:39.534+0100][gc,marking    ] GC(5) Concurrent Mark From Roots 7,736ms
[2022-05-15T23:23:39.534+0100][gc,marking    ] GC(5) Concurrent Preclean
[2022-05-15T23:23:39.535+0100][gc,marking    ] GC(5) Concurrent Preclean 0,233ms
[2022-05-15T23:23:39.535+0100][gc,marking    ] GC(5) Concurrent Mark (2,037s, 2,045s) 8,061ms
[2022-05-15T23:23:39.535+0100][gc,start      ] GC(5) Pause Remark
[2022-05-15T23:23:39.540+0100][gc,stringtable] GC(5) Cleaned string and symbol table, strings: 11137 processed, 10 removed, symbols: 82132 processed, 17 removed
[2022-05-15T23:23:39.540+0100][gc            ] GC(5) Pause Remark 143M->143M(1024M) 5,167ms
[2022-05-15T23:23:39.540+0100][gc,cpu        ] GC(5) User=0,04s Sys=0,00s Real=0,00s
[2022-05-15T23:23:39.540+0100][gc,marking    ] GC(5) Concurrent Rebuild Remembered Sets
[2022-05-15T23:23:39.546+0100][gc,marking    ] GC(5) Concurrent Rebuild Remembered Sets 6,340ms
[2022-05-15T23:23:39.547+0100][gc,start      ] GC(5) Pause Cleanup
[2022-05-15T23:23:39.547+0100][gc            ] GC(5) Pause Cleanup 144M->144M(1024M) 0,297ms
[2022-05-15T23:23:39.547+0100][gc,cpu        ] GC(5) User=0,01s Sys=0,00s Real=0,01s
[2022-05-15T23:23:39.547+0100][gc,marking    ] GC(5) Concurrent Cleanup for Next Mark
[2022-05-15T23:23:39.555+0100][gc,marking    ] GC(5) Concurrent Cleanup for Next Mark 8,433ms
[2022-05-15T23:23:39.555+0100][gc            ] GC(5) Concurrent Cycle 32,575ms
[2022-05-15T23:24:19.126+0100][gc,start      ] GC(6) Pause Young (Normal) (G1 Evacuation Pause)
[2022-05-15T23:24:19.126+0100][gc,task       ] GC(6) Using 8 workers of 8 for evacuation
[2022-05-15T23:24:19.146+0100][gc,mmu        ] GC(6) MMU target violated: 20,4ms (20,0ms/21,0ms)
[2022-05-15T23:24:19.146+0100][gc,phases     ] GC(6)   Pre Evacuate Collection Set: 0,1ms
[2022-05-15T23:24:19.146+0100][gc,phases     ] GC(6)   Evacuate Collection Set: 19,2ms
[2022-05-15T23:24:19.146+0100][gc,phases     ] GC(6)   Post Evacuate Collection Set: 1,0ms
[2022-05-15T23:24:19.146+0100][gc,phases     ] GC(6)   Other: 0,4ms
[2022-05-15T23:24:19.146+0100][gc,heap       ] GC(6) Eden regions: 44->0(44)
[2022-05-15T23:24:19.146+0100][gc,heap       ] GC(6) Survivor regions: 7->7(7)
[2022-05-15T23:24:19.146+0100][gc,heap       ] GC(6) Old regions: 9->12
[2022-05-15T23:24:19.146+0100][gc,heap       ] GC(6) Humongous regions: 135->129
[2022-05-15T23:24:19.146+0100][gc,metaspace  ] GC(6) Metaspace: 42234K->42234K(1087488K)
[2022-05-15T23:24:19.147+0100][gc            ] GC(6) Pause Young (Normal) (G1 Evacuation Pause) 192M->144M(1024M) 20,757ms
[2022-05-15T23:24:19.147+0100][gc,cpu        ] GC(6) User=0,06s Sys=0,00s Real=0,02s
[2022-05-15T23:27:32.530+0100][gc,start      ] GC(7) Pause Young (Normal) (G1 Evacuation Pause)
[2022-05-15T23:27:32.532+0100][gc,task       ] GC(7) Using 8 workers of 8 for evacuation
[2022-05-15T23:27:32.560+0100][gc,mmu        ] GC(7) MMU target violated: 21,0ms (20,0ms/21,0ms)
[2022-05-15T23:27:32.560+0100][gc,phases     ] GC(7)   Pre Evacuate Collection Set: 0,3ms
[2022-05-15T23:27:32.560+0100][gc,phases     ] GC(7)   Evacuate Collection Set: 24,9ms
[2022-05-15T23:27:32.560+0100][gc,phases     ] GC(7)   Post Evacuate Collection Set: 2,1ms
[2022-05-15T23:27:32.560+0100][gc,phases     ] GC(7)   Other: 2,8ms
[2022-05-15T23:27:32.560+0100][gc,heap       ] GC(7) Eden regions: 44->0(46)
[2022-05-15T23:27:32.560+0100][gc,heap       ] GC(7) Survivor regions: 7->5(7)
[2022-05-15T23:27:32.560+0100][gc,heap       ] GC(7) Old regions: 12->15
[2022-05-15T23:27:32.560+0100][gc,heap       ] GC(7) Humongous regions: 129->129
[2022-05-15T23:27:32.560+0100][gc,metaspace  ] GC(7) Metaspace: 45619K->45619K(1091584K)
[2022-05-15T23:27:32.560+0100][gc            ] GC(7) Pause Young (Normal) (G1 Evacuation Pause) 188M->147M(1024M) 30,019ms
[2022-05-15T23:27:32.560+0100][gc,cpu        ] GC(7) User=0,09s Sys=0,00s Real=0,03s
[2022-05-15T23:27:35.748+0100][gc,start      ] GC(8) Pause Young (Normal) (G1 Evacuation Pause)
[2022-05-15T23:27:35.748+0100][gc,task       ] GC(8) Using 8 workers of 8 for evacuation
[2022-05-15T23:27:35.784+0100][gc,mmu        ] GC(8) MMU target violated: 21,0ms (20,0ms/21,0ms)
[2022-05-15T23:27:35.784+0100][gc,phases     ] GC(8)   Pre Evacuate Collection Set: 0,1ms
[2022-05-15T23:27:35.784+0100][gc,phases     ] GC(8)   Evacuate Collection Set: 33,9ms
[2022-05-15T23:27:35.784+0100][gc,phases     ] GC(8)   Post Evacuate Collection Set: 1,1ms
[2022-05-15T23:27:35.784+0100][gc,phases     ] GC(8)   Other: 0,5ms
[2022-05-15T23:27:35.784+0100][gc,heap       ] GC(8) Eden regions: 46->0(47)
[2022-05-15T23:27:35.784+0100][gc,heap       ] GC(8) Survivor regions: 5->4(7)
[2022-05-15T23:27:35.784+0100][gc,heap       ] GC(8) Old regions: 15->17
[2022-05-15T23:27:35.784+0100][gc,heap       ] GC(8) Humongous regions: 129->129
[2022-05-15T23:27:35.784+0100][gc,metaspace  ] GC(8) Metaspace: 46226K->46226K(1091584K)
[2022-05-15T23:27:35.784+0100][gc            ] GC(8) Pause Young (Normal) (G1 Evacuation Pause) 193M->148M(1024M) 35,643ms
[2022-05-15T23:27:35.784+0100][gc,cpu        ] GC(8) User=0,10s Sys=0,00s Real=0,03s
[2022-05-15T23:27:39.993+0100][gc,start      ] GC(9) Pause Young (Normal) (G1 Evacuation Pause)
[2022-05-15T23:27:39.993+0100][gc,task       ] GC(9) Using 8 workers of 8 for evacuation
[2022-05-15T23:27:40.028+0100][gc,mmu        ] GC(9) MMU target violated: 21,0ms (20,0ms/21,0ms)
[2022-05-15T23:27:40.028+0100][gc,phases     ] GC(9)   Pre Evacuate Collection Set: 0,1ms
[2022-05-15T23:27:40.028+0100][gc,phases     ] GC(9)   Evacuate Collection Set: 34,2ms
[2022-05-15T23:27:40.028+0100][gc,phases     ] GC(9)   Post Evacuate Collection Set: 0,7ms
[2022-05-15T23:27:40.028+0100][gc,phases     ] GC(9)   Other: 0,5ms
[2022-05-15T23:27:40.028+0100][gc,heap       ] GC(9) Eden regions: 47->0(47)
[2022-05-15T23:27:40.028+0100][gc,heap       ] GC(9) Survivor regions: 4->4(7)
[2022-05-15T23:27:40.028+0100][gc,heap       ] GC(9) Old regions: 17->17
[2022-05-15T23:27:40.028+0100][gc,heap       ] GC(9) Humongous regions: 129->129
[2022-05-15T23:27:40.028+0100][gc,metaspace  ] GC(9) Metaspace: 46236K->46236K(1091584K)
[2022-05-15T23:27:40.028+0100][gc            ] GC(9) Pause Young (Normal) (G1 Evacuation Pause) 195M->147M(1024M) 35,511ms
[2022-05-15T23:27:40.028+0100][gc,cpu        ] GC(9) User=0,07s Sys=0,00s Real=0,04s
[2022-05-15T23:27:44.718+0100][gc,start      ] GC(10) Pause Young (Normal) (G1 Evacuation Pause)
[2022-05-15T23:27:44.718+0100][gc,task       ] GC(10) Using 8 workers of 8 for evacuation
[2022-05-15T23:27:44.732+0100][gc,phases     ] GC(10)   Pre Evacuate Collection Set: 0,1ms
[2022-05-15T23:27:44.732+0100][gc,phases     ] GC(10)   Evacuate Collection Set: 12,0ms
[2022-05-15T23:27:44.732+0100][gc,phases     ] GC(10)   Post Evacuate Collection Set: 1,4ms
[2022-05-15T23:27:44.732+0100][gc,phases     ] GC(10)   Other: 0,6ms
[2022-05-15T23:27:44.732+0100][gc,heap       ] GC(10) Eden regions: 47->0(53)
[2022-05-15T23:27:44.733+0100][gc,heap       ] GC(10) Survivor regions: 4->4(7)
[2022-05-15T23:27:44.733+0100][gc,heap       ] GC(10) Old regions: 17->17
[2022-05-15T23:27:44.733+0100][gc,heap       ] GC(10) Humongous regions: 129->129
[2022-05-15T23:27:44.733+0100][gc,metaspace  ] GC(10) Metaspace: 46242K->46242K(1091584K)
[2022-05-15T23:27:44.733+0100][gc            ] GC(10) Pause Young (Normal) (G1 Evacuation Pause) 194M->147M(1024M) 14,322ms
[2022-05-15T23:27:44.733+0100][gc,cpu        ] GC(10) User=0,02s Sys=0,00s Real=0,01s
[2022-05-15T23:27:51.640+0100][gc,start      ] GC(11) Pause Young (Normal) (G1 Evacuation Pause)
[2022-05-15T23:27:51.640+0100][gc,task       ] GC(11) Using 8 workers of 8 for evacuation
[2022-05-15T23:27:51.658+0100][gc,phases     ] GC(11)   Pre Evacuate Collection Set: 0,1ms
[2022-05-15T23:27:51.658+0100][gc,phases     ] GC(11)   Evacuate Collection Set: 14,8ms
[2022-05-15T23:27:51.658+0100][gc,phases     ] GC(11)   Post Evacuate Collection Set: 2,2ms
[2022-05-15T23:27:51.658+0100][gc,phases     ] GC(11)   Other: 1,3ms
[2022-05-15T23:27:51.658+0100][gc,heap       ] GC(11) Eden regions: 53->0(63)
[2022-05-15T23:27:51.658+0100][gc,heap       ] GC(11) Survivor regions: 4->4(8)
[2022-05-15T23:27:51.658+0100][gc,heap       ] GC(11) Old regions: 17->17
[2022-05-15T23:27:51.658+0100][gc,heap       ] GC(11) Humongous regions: 129->129
[2022-05-15T23:27:51.658+0100][gc,metaspace  ] GC(11) Metaspace: 46245K->46245K(1091584K)
[2022-05-15T23:27:51.659+0100][gc            ] GC(11) Pause Young (Normal) (G1 Evacuation Pause) 200M->148M(1024M) 18,752ms
[2022-05-15T23:27:51.659+0100][gc,cpu        ] GC(11) User=0,06s Sys=0,00s Real=0,02s
[2022-05-15T23:28:01.972+0100][gc,start      ] GC(12) Pause Young (Normal) (G1 Evacuation Pause)
[2022-05-15T23:28:01.974+0100][gc,task       ] GC(12) Using 8 workers of 8 for evacuation
[2022-05-15T23:28:01.990+0100][gc,phases     ] GC(12)   Pre Evacuate Collection Set: 0,2ms
[2022-05-15T23:28:01.991+0100][gc,phases     ] GC(12)   Evacuate Collection Set: 14,3ms
[2022-05-15T23:28:01.991+0100][gc,phases     ] GC(12)   Post Evacuate Collection Set: 1,5ms
[2022-05-15T23:28:01.991+0100][gc,phases     ] GC(12)   Other: 2,2ms
[2022-05-15T23:28:01.991+0100][gc,heap       ] GC(12) Eden regions: 63->0(71)
[2022-05-15T23:28:01.991+0100][gc,heap       ] GC(12) Survivor regions: 4->4(9)
[2022-05-15T23:28:01.991+0100][gc,heap       ] GC(12) Old regions: 17->17
[2022-05-15T23:28:01.991+0100][gc,heap       ] GC(12) Humongous regions: 129->129
[2022-05-15T23:28:01.991+0100][gc,metaspace  ] GC(12) Metaspace: 46261K->46261K(1091584K)
[2022-05-15T23:28:01.991+0100][gc            ] GC(12) Pause Young (Normal) (G1 Evacuation Pause) 211M->148M(1024M) 18,983ms
[2022-05-15T23:28:01.991+0100][gc,cpu        ] GC(12) User=0,06s Sys=0,01s Real=0,02s
[2022-05-15T23:28:49.865+0100][gc,start      ] GC(13) Pause Young (Normal) (G1 Evacuation Pause)
[2022-05-15T23:28:49.867+0100][gc,task       ] GC(13) Using 8 workers of 8 for evacuation
[2022-05-15T23:28:49.919+0100][gc,mmu        ] GC(13) MMU target violated: 21,0ms (20,0ms/21,0ms)
[2022-05-15T23:28:49.919+0100][gc,phases     ] GC(13)   Pre Evacuate Collection Set: 2,4ms
[2022-05-15T23:28:49.919+0100][gc,phases     ] GC(13)   Evacuate Collection Set: 37,5ms
[2022-05-15T23:28:49.919+0100][gc,phases     ] GC(13)   Post Evacuate Collection Set: 8,7ms
[2022-05-15T23:28:49.919+0100][gc,phases     ] GC(13)   Other: 7,8ms
[2022-05-15T23:28:49.920+0100][gc,heap       ] GC(13) Eden regions: 71->0(47)
[2022-05-15T23:28:49.920+0100][gc,heap       ] GC(13) Survivor regions: 4->4(10)
[2022-05-15T23:28:49.920+0100][gc,heap       ] GC(13) Old regions: 17->17
[2022-05-15T23:28:49.920+0100][gc,heap       ] GC(13) Humongous regions: 129->129
[2022-05-15T23:28:49.921+0100][gc,metaspace  ] GC(13) Metaspace: 46281K->46281K(1091584K)
[2022-05-15T23:28:49.926+0100][gc            ] GC(13) Pause Young (Normal) (G1 Evacuation Pause) 219M->148M(1024M) 60,769ms
[2022-05-15T23:28:49.931+0100][gc,cpu        ] GC(13) User=0,05s Sys=0,04s Real=0,07s
[2022-05-15T23:29:15.828+0100][gc,start      ] GC(14) Pause Young (Normal) (G1 Evacuation Pause)
[2022-05-15T23:29:15.831+0100][gc,task       ] GC(14) Using 8 workers of 8 for evacuation
[2022-05-15T23:29:15.856+0100][gc,mmu        ] GC(14) MMU target violated: 21,0ms (20,0ms/21,0ms)
[2022-05-15T23:29:15.856+0100][gc,phases     ] GC(14)   Pre Evacuate Collection Set: 0,5ms
[2022-05-15T23:29:15.857+0100][gc,phases     ] GC(14)   Evacuate Collection Set: 21,8ms
[2022-05-15T23:29:15.857+0100][gc,phases     ] GC(14)   Post Evacuate Collection Set: 2,2ms
[2022-05-15T23:29:15.857+0100][gc,phases     ] GC(14)   Other: 5,4ms
[2022-05-15T23:29:15.857+0100][gc,heap       ] GC(14) Eden regions: 47->0(48)
[2022-05-15T23:29:15.857+0100][gc,heap       ] GC(14) Survivor regions: 4->4(7)
[2022-05-15T23:29:15.857+0100][gc,heap       ] GC(14) Old regions: 17->17
[2022-05-15T23:29:15.857+0100][gc,heap       ] GC(14) Humongous regions: 129->129
[2022-05-15T23:29:15.857+0100][gc,metaspace  ] GC(14) Metaspace: 46293K->46293K(1091584K)
[2022-05-15T23:29:15.857+0100][gc            ] GC(14) Pause Young (Normal) (G1 Evacuation Pause) 195M->148M(1024M) 28,833ms
[2022-05-15T23:29:15.857+0100][gc,cpu        ] GC(14) User=0,05s Sys=0,01s Real=0,03s
[2022-05-15T23:31:25.537+0100][gc,heap,exit  ] Heap
[2022-05-15T23:31:25.537+0100][gc,heap,exit  ]  garbage-first heap   total 1048576K, used 183563K [0x00000000c0000000, 0x0000000100000000)
[2022-05-15T23:31:25.537+0100][gc,heap,exit  ]   region size 1024K, 37 young (37888K), 4 survivors (4096K)
[2022-05-15T23:31:25.537+0100][gc,heap,exit  ]  Metaspace       used 46936K, capacity 50430K, committed 50556K, reserved 1091584K
[2022-05-15T23:31:25.537+0100][gc,heap,exit  ]   class space    used 6365K, capacity 8035K, committed 8060K, reserved 1048576K
