[2022-05-15T09:54:44.991+0100][gc,heap] Heap region size: 1M
[2022-05-15T09:54:45.003+0100][gc     ] Using G1
[2022-05-15T09:54:45.004+0100][gc,heap,coops] Heap address: 0x00000000c0000000, size: 1024 MB, Compressed Oops mode: 32-bit
[2022-05-15T09:54:45.004+0100][gc,cds       ] Mark closed archive regions in map: [0x00000000fff00000, 0x00000000fff6aff8]
[2022-05-15T09:54:45.004+0100][gc,cds       ] Mark open archive regions in map: [0x00000000ffe00000, 0x00000000ffe46ff8]
[2022-05-15T09:54:45.755+0100][gc,start     ] GC(0) Pause Young (Normal) (G1 Evacuation Pause)
[2022-05-15T09:54:45.757+0100][gc,task      ] GC(0) Using 8 workers of 8 for evacuation
[2022-05-15T09:54:45.765+0100][gc,phases    ] GC(0)   Pre Evacuate Collection Set: 0,0ms
[2022-05-15T09:54:45.765+0100][gc,phases    ] GC(0)   Evacuate Collection Set: 7,6ms
[2022-05-15T09:54:45.765+0100][gc,phases    ] GC(0)   Post Evacuate Collection Set: 0,5ms
[2022-05-15T09:54:45.765+0100][gc,phases    ] GC(0)   Other: 1,4ms
[2022-05-15T09:54:45.765+0100][gc,heap      ] GC(0) Eden regions: 51->0(44)
[2022-05-15T09:54:45.765+0100][gc,heap      ] GC(0) Survivor regions: 0->7(7)
[2022-05-15T09:54:45.765+0100][gc,heap      ] GC(0) Old regions: 2->2
[2022-05-15T09:54:45.765+0100][gc,heap      ] GC(0) Humongous regions: 0->0
[2022-05-15T09:54:45.765+0100][gc,metaspace ] GC(0) Metaspace: 14887K->14887K(1062912K)
[2022-05-15T09:54:45.765+0100][gc           ] GC(0) Pause Young (Normal) (G1 Evacuation Pause) 51M->7M(1024M) 9,552ms
[2022-05-15T09:54:45.765+0100][gc,cpu       ] GC(0) User=0,05s Sys=0,02s Real=0,00s
[2022-05-15T09:54:46.081+0100][gc,start     ] GC(1) Pause Young (Concurrent Start) (Metadata GC Threshold)
[2022-05-15T09:54:46.081+0100][gc,task      ] GC(1) Using 8 workers of 8 for evacuation
[2022-05-15T09:54:46.090+0100][gc,phases    ] GC(1)   Pre Evacuate Collection Set: 0,0ms
[2022-05-15T09:54:46.090+0100][gc,phases    ] GC(1)   Evacuate Collection Set: 8,3ms
[2022-05-15T09:54:46.090+0100][gc,phases    ] GC(1)   Post Evacuate Collection Set: 0,4ms
[2022-05-15T09:54:46.090+0100][gc,phases    ] GC(1)   Other: 0,2ms
[2022-05-15T09:54:46.090+0100][gc,heap      ] GC(1) Eden regions: 24->0(49)
[2022-05-15T09:54:46.090+0100][gc,heap      ] GC(1) Survivor regions: 7->2(7)
[2022-05-15T09:54:46.090+0100][gc,heap      ] GC(1) Old regions: 2->9
[2022-05-15T09:54:46.090+0100][gc,heap      ] GC(1) Humongous regions: 0->0
[2022-05-15T09:54:46.090+0100][gc,metaspace ] GC(1) Metaspace: 20630K->20630K(1067008K)
[2022-05-15T09:54:46.090+0100][gc           ] GC(1) Pause Young (Concurrent Start) (Metadata GC Threshold) 30M->8M(1024M) 8,999ms
[2022-05-15T09:54:46.090+0100][gc,cpu       ] GC(1) User=0,04s Sys=0,01s Real=0,01s
[2022-05-15T09:54:46.090+0100][gc           ] GC(2) Concurrent Cycle
[2022-05-15T09:54:46.090+0100][gc,marking   ] GC(2) Concurrent Clear Claimed Marks
[2022-05-15T09:54:46.090+0100][gc,marking   ] GC(2) Concurrent Clear Claimed Marks 0,019ms
[2022-05-15T09:54:46.090+0100][gc,marking   ] GC(2) Concurrent Scan Root Regions
[2022-05-15T09:54:46.091+0100][gc,marking   ] GC(2) Concurrent Scan Root Regions 0,932ms
[2022-05-15T09:54:46.091+0100][gc,marking   ] GC(2) Concurrent Mark (1,124s)
[2022-05-15T09:54:46.091+0100][gc,marking   ] GC(2) Concurrent Mark From Roots
[2022-05-15T09:54:46.091+0100][gc,task      ] GC(2) Using 2 workers of 2 for marking
[2022-05-15T09:54:46.098+0100][gc,marking   ] GC(2) Concurrent Mark From Roots 6,596ms
[2022-05-15T09:54:46.098+0100][gc,marking   ] GC(2) Concurrent Preclean
[2022-05-15T09:54:46.098+0100][gc,marking   ] GC(2) Concurrent Preclean 0,156ms
[2022-05-15T09:54:46.098+0100][gc,marking   ] GC(2) Concurrent Mark (1,124s, 1,131s) 6,781ms
[2022-05-15T09:54:46.098+0100][gc,start     ] GC(2) Pause Remark
[2022-05-15T09:54:46.100+0100][gc,stringtable] GC(2) Cleaned string and symbol table, strings: 5319 processed, 0 removed, symbols: 51270 processed, 46 removed
[2022-05-15T09:54:46.100+0100][gc            ] GC(2) Pause Remark 9M->9M(1024M) 2,276ms
[2022-05-15T09:54:46.100+0100][gc,cpu        ] GC(2) User=0,02s Sys=0,00s Real=0,00s
[2022-05-15T09:54:46.100+0100][gc,marking    ] GC(2) Concurrent Rebuild Remembered Sets
[2022-05-15T09:54:46.104+0100][gc,marking    ] GC(2) Concurrent Rebuild Remembered Sets 3,842ms
[2022-05-15T09:54:46.104+0100][gc,start      ] GC(2) Pause Cleanup
[2022-05-15T09:54:46.104+0100][gc            ] GC(2) Pause Cleanup 10M->10M(1024M) 0,188ms
[2022-05-15T09:54:46.104+0100][gc,cpu        ] GC(2) User=0,00s Sys=0,00s Real=0,00s
[2022-05-15T09:54:46.104+0100][gc,marking    ] GC(2) Concurrent Cleanup for Next Mark
[2022-05-15T09:54:46.109+0100][gc,marking    ] GC(2) Concurrent Cleanup for Next Mark 4,815ms
[2022-05-15T09:54:46.109+0100][gc            ] GC(2) Concurrent Cycle 19,211ms
[2022-05-15T09:54:46.572+0100][gc,start      ] GC(3) Pause Young (Normal) (G1 Evacuation Pause)
[2022-05-15T09:54:46.572+0100][gc,task       ] GC(3) Using 8 workers of 8 for evacuation
[2022-05-15T09:54:46.576+0100][gc,phases     ] GC(3)   Pre Evacuate Collection Set: 0,0ms
[2022-05-15T09:54:46.576+0100][gc,phases     ] GC(3)   Evacuate Collection Set: 3,8ms
[2022-05-15T09:54:46.576+0100][gc,phases     ] GC(3)   Post Evacuate Collection Set: 0,5ms
[2022-05-15T09:54:46.576+0100][gc,phases     ] GC(3)   Other: 0,1ms
[2022-05-15T09:54:46.576+0100][gc,heap       ] GC(3) Eden regions: 49->0(46)
[2022-05-15T09:54:46.576+0100][gc,heap       ] GC(3) Survivor regions: 2->5(7)
[2022-05-15T09:54:46.576+0100][gc,heap       ] GC(3) Old regions: 9->9
[2022-05-15T09:54:46.576+0100][gc,heap       ] GC(3) Humongous regions: 129->129
[2022-05-15T09:54:46.576+0100][gc,metaspace  ] GC(3) Metaspace: 29107K->29107K(1075200K)
[2022-05-15T09:54:46.576+0100][gc            ] GC(3) Pause Young (Normal) (G1 Evacuation Pause) 186M->140M(1024M) 4,471ms
[2022-05-15T09:54:46.576+0100][gc,cpu        ] GC(3) User=0,03s Sys=0,00s Real=0,01s
[2022-05-15T09:54:46.806+0100][gc,start      ] GC(4) Pause Young (Concurrent Start) (Metadata GC Threshold)
[2022-05-15T09:54:46.806+0100][gc,task       ] GC(4) Using 8 workers of 8 for evacuation
[2022-05-15T09:54:46.812+0100][gc,phases     ] GC(4)   Pre Evacuate Collection Set: 0,1ms
[2022-05-15T09:54:46.812+0100][gc,phases     ] GC(4)   Evacuate Collection Set: 5,2ms
[2022-05-15T09:54:46.812+0100][gc,phases     ] GC(4)   Post Evacuate Collection Set: 0,3ms
[2022-05-15T09:54:46.812+0100][gc,phases     ] GC(4)   Other: 0,2ms
[2022-05-15T09:54:46.812+0100][gc,heap       ] GC(4) Eden regions: 25->0(49)
[2022-05-15T09:54:46.812+0100][gc,heap       ] GC(4) Survivor regions: 5->2(7)
[2022-05-15T09:54:46.812+0100][gc,heap       ] GC(4) Old regions: 9->13
[2022-05-15T09:54:46.812+0100][gc,heap       ] GC(4) Humongous regions: 129->129
[2022-05-15T09:54:46.812+0100][gc,metaspace  ] GC(4) Metaspace: 34362K->34362K(1081344K)
[2022-05-15T09:54:46.812+0100][gc            ] GC(4) Pause Young (Concurrent Start) (Metadata GC Threshold) 165M->142M(1024M) 5,939ms
[2022-05-15T09:54:46.812+0100][gc,cpu        ] GC(4) User=0,03s Sys=0,01s Real=0,01s
[2022-05-15T09:54:46.812+0100][gc            ] GC(5) Concurrent Cycle
[2022-05-15T09:54:46.812+0100][gc,marking    ] GC(5) Concurrent Clear Claimed Marks
[2022-05-15T09:54:46.812+0100][gc,marking    ] GC(5) Concurrent Clear Claimed Marks 0,102ms
[2022-05-15T09:54:46.812+0100][gc,marking    ] GC(5) Concurrent Scan Root Regions
[2022-05-15T09:54:46.814+0100][gc,marking    ] GC(5) Concurrent Scan Root Regions 1,745ms
[2022-05-15T09:54:46.814+0100][gc,marking    ] GC(5) Concurrent Mark (1,847s)
[2022-05-15T09:54:46.814+0100][gc,marking    ] GC(5) Concurrent Mark From Roots
[2022-05-15T09:54:46.814+0100][gc,task       ] GC(5) Using 2 workers of 2 for marking
[2022-05-15T09:54:46.832+0100][gc,marking    ] GC(5) Concurrent Mark From Roots 17,840ms
[2022-05-15T09:54:46.832+0100][gc,marking    ] GC(5) Concurrent Preclean
[2022-05-15T09:54:46.832+0100][gc,marking    ] GC(5) Concurrent Preclean 0,136ms
[2022-05-15T09:54:46.832+0100][gc,marking    ] GC(5) Concurrent Mark (1,847s, 1,865s) 18,019ms
[2022-05-15T09:54:46.832+0100][gc,start      ] GC(5) Pause Remark
[2022-05-15T09:54:46.836+0100][gc,stringtable] GC(5) Cleaned string and symbol table, strings: 10974 processed, 9 removed, symbols: 84157 processed, 13 removed
[2022-05-15T09:54:46.836+0100][gc            ] GC(5) Pause Remark 145M->145M(1024M) 3,675ms
[2022-05-15T09:54:46.836+0100][gc,cpu        ] GC(5) User=0,02s Sys=0,00s Real=0,01s
[2022-05-15T09:54:46.836+0100][gc,marking    ] GC(5) Concurrent Rebuild Remembered Sets
[2022-05-15T09:54:46.842+0100][gc,marking    ] GC(5) Concurrent Rebuild Remembered Sets 6,165ms
[2022-05-15T09:54:46.842+0100][gc,start      ] GC(5) Pause Cleanup
[2022-05-15T09:54:46.843+0100][gc            ] GC(5) Pause Cleanup 146M->146M(1024M) 0,149ms
[2022-05-15T09:54:46.843+0100][gc,cpu        ] GC(5) User=0,00s Sys=0,00s Real=0,00s
[2022-05-15T09:54:46.843+0100][gc,marking    ] GC(5) Concurrent Cleanup for Next Mark
[2022-05-15T09:54:46.848+0100][gc,marking    ] GC(5) Concurrent Cleanup for Next Mark 5,082ms
[2022-05-15T09:54:46.848+0100][gc            ] GC(5) Concurrent Cycle 35,464ms
[2022-05-15T09:55:16.161+0100][gc,heap,exit  ] Heap
[2022-05-15T09:55:16.161+0100][gc,heap,exit  ]  garbage-first heap   total 1048576K, used 171314K [0x00000000c0000000, 0x0000000100000000)
[2022-05-15T09:55:16.161+0100][gc,heap,exit  ]   region size 1024K, 29 young (29696K), 2 survivors (2048K)
[2022-05-15T09:55:16.161+0100][gc,heap,exit  ]  Metaspace       used 39677K, capacity 41892K, committed 42136K, reserved 1085440K
[2022-05-15T09:55:16.161+0100][gc,heap,exit  ]   class space    used 5204K, capacity 6295K, committed 6348K, reserved 1048576K
