[2022-05-15T14:28:10.816+0100][gc,heap] Heap region size: 1M
[2022-05-15T14:28:10.833+0100][gc     ] Using G1
[2022-05-15T14:28:10.833+0100][gc,heap,coops] Heap address: 0x00000000e0000000, size: 512 MB, Compressed Oops mode: 32-bit
[2022-05-15T14:28:10.834+0100][gc,cds       ] Mark closed archive regions in map: [0x00000000fff00000, 0x00000000fff6aff8]
[2022-05-15T14:28:10.834+0100][gc,cds       ] Mark open archive regions in map: [0x00000000ffe00000, 0x00000000ffe46ff8]
[2022-05-15T14:28:11.276+0100][gc,start     ] GC(0) Pause Young (Normal) (G1 Evacuation Pause)
[2022-05-15T14:28:11.277+0100][gc,task      ] GC(0) Using 8 workers of 8 for evacuation
[2022-05-15T14:28:11.285+0100][gc,phases    ] GC(0)   Pre Evacuate Collection Set: 0,0ms
[2022-05-15T14:28:11.285+0100][gc,phases    ] GC(0)   Evacuate Collection Set: 7,3ms
[2022-05-15T14:28:11.285+0100][gc,phases    ] GC(0)   Post Evacuate Collection Set: 0,4ms
[2022-05-15T14:28:11.285+0100][gc,phases    ] GC(0)   Other: 1,0ms
[2022-05-15T14:28:11.285+0100][gc,heap      ] GC(0) Eden regions: 25->0(21)
[2022-05-15T14:28:11.285+0100][gc,heap      ] GC(0) Survivor regions: 0->4(4)
[2022-05-15T14:28:11.285+0100][gc,heap      ] GC(0) Old regions: 2->5
[2022-05-15T14:28:11.285+0100][gc,heap      ] GC(0) Humongous regions: 0->0
[2022-05-15T14:28:11.285+0100][gc,metaspace ] GC(0) Metaspace: 7661K->7661K(1056768K)
[2022-05-15T14:28:11.285+0100][gc           ] GC(0) Pause Young (Normal) (G1 Evacuation Pause) 25M->7M(512M) 8,672ms
[2022-05-15T14:28:11.285+0100][gc,cpu       ] GC(0) User=0,05s Sys=0,01s Real=0,00s
[2022-05-15T18:19:42.412+0100][gc,start     ] GC(1) Pause Young (Normal) (G1 Evacuation Pause)
[2022-05-15T18:19:42.413+0100][gc,task      ] GC(1) Using 8 workers of 8 for evacuation
[2022-05-15T18:19:42.501+0100][gc,mmu       ] GC(1) MMU target violated: 21,0ms (20,0ms/21,0ms)
[2022-05-15T18:19:42.501+0100][gc,phases    ] GC(1)   Pre Evacuate Collection Set: 22,6ms
[2022-05-15T18:19:42.501+0100][gc,phases    ] GC(1)   Evacuate Collection Set: 62,1ms
[2022-05-15T18:19:42.501+0100][gc,phases    ] GC(1)   Post Evacuate Collection Set: 1,5ms
[2022-05-15T18:19:42.501+0100][gc,phases    ] GC(1)   Other: 2,4ms
[2022-05-15T18:19:42.501+0100][gc,heap      ] GC(1) Eden regions: 21->0(24)
[2022-05-15T18:19:42.501+0100][gc,heap      ] GC(1) Survivor regions: 4->1(4)
[2022-05-15T18:19:42.501+0100][gc,heap      ] GC(1) Old regions: 5->9
[2022-05-15T18:19:42.501+0100][gc,heap      ] GC(1) Humongous regions: 0->0
[2022-05-15T18:19:42.501+0100][gc,metaspace ] GC(1) Metaspace: 9295K->9295K(1058816K)
[2022-05-15T18:19:42.501+0100][gc           ] GC(1) Pause Young (Normal) (G1 Evacuation Pause) 28M->8M(512M) 88,398ms
[2022-05-15T18:19:42.501+0100][gc,cpu       ] GC(1) User=0,16s Sys=0,02s Real=0,09s
[2022-05-15T22:32:11.047+0100][gc,heap,exit ] Heap
[2022-05-15T22:32:11.048+0100][gc,heap,exit ]  garbage-first heap   total 524288K, used 25849K [0x00000000e0000000, 0x0000000100000000)
[2022-05-15T22:32:11.048+0100][gc,heap,exit ]   region size 1024K, 19 young (19456K), 1 survivors (1024K)
[2022-05-15T22:32:11.048+0100][gc,heap,exit ]  Metaspace       used 9461K, capacity 9900K, committed 10240K, reserved 1058816K
[2022-05-15T22:32:11.048+0100][gc,heap,exit ]   class space    used 992K, capacity 1157K, committed 1280K, reserved 1048576K
