[2022-05-15T10:46:19.567+0100][gc,heap] Heap region size: 1M
[2022-05-15T10:46:19.572+0100][gc     ] Using G1
[2022-05-15T10:46:19.572+0100][gc,heap,coops] Heap address: 0x00000000e0000000, size: 512 MB, Compressed Oops mode: 32-bit
[2022-05-15T10:46:19.572+0100][gc,cds       ] Mark closed archive regions in map: [0x00000000fff00000, 0x00000000fff6aff8]
[2022-05-15T10:46:19.572+0100][gc,cds       ] Mark open archive regions in map: [0x00000000ffe00000, 0x00000000ffe46ff8]
[2022-05-15T10:46:20.151+0100][gc,start     ] GC(0) Pause Young (Normal) (G1 Evacuation Pause)
[2022-05-15T10:46:20.152+0100][gc,task      ] GC(0) Using 8 workers of 8 for evacuation
[2022-05-15T10:46:20.167+0100][gc,phases    ] GC(0)   Pre Evacuate Collection Set: 0,0ms
[2022-05-15T10:46:20.167+0100][gc,phases    ] GC(0)   Evacuate Collection Set: 14,7ms
[2022-05-15T10:46:20.167+0100][gc,phases    ] GC(0)   Post Evacuate Collection Set: 0,4ms
[2022-05-15T10:46:20.167+0100][gc,phases    ] GC(0)   Other: 1,0ms
[2022-05-15T10:46:20.167+0100][gc,heap      ] GC(0) Eden regions: 25->0(21)
[2022-05-15T10:46:20.167+0100][gc,heap      ] GC(0) Survivor regions: 0->4(4)
[2022-05-15T10:46:20.167+0100][gc,heap      ] GC(0) Old regions: 2->5
[2022-05-15T10:46:20.167+0100][gc,heap      ] GC(0) Humongous regions: 0->0
[2022-05-15T10:46:20.167+0100][gc,metaspace ] GC(0) Metaspace: 7659K->7659K(1056768K)
[2022-05-15T10:46:20.167+0100][gc           ] GC(0) Pause Young (Normal) (G1 Evacuation Pause) 25M->7M(512M) 16,157ms
[2022-05-15T10:46:20.167+0100][gc,cpu       ] GC(0) User=0,05s Sys=0,01s Real=0,02s
[2022-05-15T13:57:03.506+0100][gc,start     ] GC(1) Pause Young (Normal) (G1 Evacuation Pause)
[2022-05-15T13:57:03.507+0100][gc,task      ] GC(1) Using 8 workers of 8 for evacuation
[2022-05-15T13:57:03.581+0100][gc,mmu       ] GC(1) MMU target violated: 21,0ms (20,0ms/21,0ms)
[2022-05-15T13:57:03.581+0100][gc,phases    ] GC(1)   Pre Evacuate Collection Set: 25,6ms
[2022-05-15T13:57:03.581+0100][gc,phases    ] GC(1)   Evacuate Collection Set: 46,3ms
[2022-05-15T13:57:03.581+0100][gc,phases    ] GC(1)   Post Evacuate Collection Set: 0,6ms
[2022-05-15T13:57:03.581+0100][gc,phases    ] GC(1)   Other: 2,8ms
[2022-05-15T13:57:03.581+0100][gc,heap      ] GC(1) Eden regions: 21->0(24)
[2022-05-15T13:57:03.581+0100][gc,heap      ] GC(1) Survivor regions: 4->1(4)
[2022-05-15T13:57:03.581+0100][gc,heap      ] GC(1) Old regions: 5->10
[2022-05-15T13:57:03.581+0100][gc,heap      ] GC(1) Humongous regions: 0->0
[2022-05-15T13:57:03.581+0100][gc,metaspace ] GC(1) Metaspace: 9320K->9320K(1058816K)
[2022-05-15T13:57:03.581+0100][gc           ] GC(1) Pause Young (Normal) (G1 Evacuation Pause) 28M->8M(512M) 74,827ms
[2022-05-15T13:57:03.581+0100][gc,cpu       ] GC(1) User=0,03s Sys=0,17s Real=0,08s
[2022-05-15T14:27:59.139+0100][gc,heap,exit ] Heap
[2022-05-15T14:27:59.139+0100][gc,heap,exit ]  garbage-first heap   total 524288K, used 11872K [0x00000000e0000000, 0x0000000100000000)
[2022-05-15T14:27:59.139+0100][gc,heap,exit ]   region size 1024K, 5 young (5120K), 1 survivors (1024K)
[2022-05-15T14:27:59.139+0100][gc,heap,exit ]  Metaspace       used 9358K, capacity 9801K, committed 10112K, reserved 1058816K
[2022-05-15T14:27:59.139+0100][gc,heap,exit ]   class space    used 984K, capacity 1125K, committed 1152K, reserved 1048576K
